Component: ARM Compiler 5.05 update 1 (build 106) Tool: armlink [4d0efa]

==============================================================================

Section Cross References

    startup_stm32f40_41xxx.o(RESET) refers to startup_stm32f40_41xxx.o(STACK) for __initial_sp
    startup_stm32f40_41xxx.o(RESET) refers to startup_stm32f40_41xxx.o(.text) for Reset_Handler
    startup_stm32f40_41xxx.o(RESET) refers to stm32f4xx_it.o(i.NMI_Handler) for NMI_Handler
    startup_stm32f40_41xxx.o(RESET) refers to stm32f4xx_it.o(i.HardFault_Handler) for HardFault_Handler
    startup_stm32f40_41xxx.o(RESET) refers to stm32f4xx_it.o(i.MemManage_Handler) for MemManage_Handler
    startup_stm32f40_41xxx.o(RESET) refers to stm32f4xx_it.o(i.BusFault_Handler) for BusFault_Handler
    startup_stm32f40_41xxx.o(RESET) refers to stm32f4xx_it.o(i.UsageFault_Handler) for UsageFault_Handler
    startup_stm32f40_41xxx.o(RESET) refers to stm32f4xx_it.o(i.SVC_Handler) for SVC_Handler
    startup_stm32f40_41xxx.o(RESET) refers to stm32f4xx_it.o(i.DebugMon_Handler) for DebugMon_Handler
    startup_stm32f40_41xxx.o(RESET) refers to stm32f4xx_it.o(i.PendSV_Handler) for PendSV_Handler
    startup_stm32f40_41xxx.o(RESET) refers to stm32f4xx_it.o(i.SysTick_Handler) for SysTick_Handler
    startup_stm32f40_41xxx.o(RESET) refers to timer.o(i.TIM3_IRQHandler) for TIM3_IRQHandler
    startup_stm32f40_41xxx.o(RESET) refers to usart.o(i.USART1_IRQHandler) for USART1_IRQHandler
    startup_stm32f40_41xxx.o(RESET) refers to usart2.o(i.USART2_IRQHandler) for USART2_IRQHandler
    startup_stm32f40_41xxx.o(RESET) refers to timer.o(i.TIM7_IRQHandler) for TIM7_IRQHandler
    startup_stm32f40_41xxx.o(.text) refers to system_stm32f4xx.o(i.SystemInit) for SystemInit
    startup_stm32f40_41xxx.o(.text) refers to entry.o(.ARM.Collect$$$$00000000) for __main
    stm32f4xx_adc.o(i.ADC_DeInit) refers to stm32f4xx_rcc.o(i.RCC_APB2PeriphResetCmd) for RCC_APB2PeriphResetCmd
    stm32f4xx_dac.o(i.DAC_DeInit) refers to stm32f4xx_rcc.o(i.RCC_APB1PeriphResetCmd) for RCC_APB1PeriphResetCmd
    stm32f4xx_flash.o(i.FLASH_EraseAllBank1Sectors) refers to stm32f4xx_flash.o(i.FLASH_WaitForLastOperation) for FLASH_WaitForLastOperation
    stm32f4xx_flash.o(i.FLASH_EraseAllBank2Sectors) refers to stm32f4xx_flash.o(i.FLASH_WaitForLastOperation) for FLASH_WaitForLastOperation
    stm32f4xx_flash.o(i.FLASH_EraseAllSectors) refers to stm32f4xx_flash.o(i.FLASH_WaitForLastOperation) for FLASH_WaitForLastOperation
    stm32f4xx_flash.o(i.FLASH_EraseSector) refers to stm32f4xx_flash.o(i.FLASH_WaitForLastOperation) for FLASH_WaitForLastOperation
    stm32f4xx_flash.o(i.FLASH_OB_Launch) refers to stm32f4xx_flash.o(i.FLASH_WaitForLastOperation) for FLASH_WaitForLastOperation
    stm32f4xx_flash.o(i.FLASH_OB_PCROP1Config) refers to stm32f4xx_flash.o(i.FLASH_WaitForLastOperation) for FLASH_WaitForLastOperation
    stm32f4xx_flash.o(i.FLASH_OB_PCROPConfig) refers to stm32f4xx_flash.o(i.FLASH_WaitForLastOperation) for FLASH_WaitForLastOperation
    stm32f4xx_flash.o(i.FLASH_OB_RDPConfig) refers to stm32f4xx_flash.o(i.FLASH_WaitForLastOperation) for FLASH_WaitForLastOperation
    stm32f4xx_flash.o(i.FLASH_OB_UserConfig) refers to stm32f4xx_flash.o(i.FLASH_WaitForLastOperation) for FLASH_WaitForLastOperation
    stm32f4xx_flash.o(i.FLASH_OB_WRP1Config) refers to stm32f4xx_flash.o(i.FLASH_WaitForLastOperation) for FLASH_WaitForLastOperation
    stm32f4xx_flash.o(i.FLASH_OB_WRPConfig) refers to stm32f4xx_flash.o(i.FLASH_WaitForLastOperation) for FLASH_WaitForLastOperation
    stm32f4xx_flash.o(i.FLASH_ProgramByte) refers to stm32f4xx_flash.o(i.FLASH_WaitForLastOperation) for FLASH_WaitForLastOperation
    stm32f4xx_flash.o(i.FLASH_ProgramDoubleWord) refers to stm32f4xx_flash.o(i.FLASH_WaitForLastOperation) for FLASH_WaitForLastOperation
    stm32f4xx_flash.o(i.FLASH_ProgramHalfWord) refers to stm32f4xx_flash.o(i.FLASH_WaitForLastOperation) for FLASH_WaitForLastOperation
    stm32f4xx_flash.o(i.FLASH_ProgramWord) refers to stm32f4xx_flash.o(i.FLASH_WaitForLastOperation) for FLASH_WaitForLastOperation
    stm32f4xx_flash.o(i.FLASH_WaitForLastOperation) refers to stm32f4xx_flash.o(i.FLASH_GetStatus) for FLASH_GetStatus
    stm32f4xx_fsmc.o(i.FSMC_NORSRAMStructInit) refers to stm32f4xx_fsmc.o(.constdata) for FSMC_DefaultTimingStruct
    stm32f4xx_gpio.o(i.GPIO_DeInit) refers to stm32f4xx_rcc.o(i.RCC_AHB1PeriphResetCmd) for RCC_AHB1PeriphResetCmd
    stm32f4xx_i2c.o(i.I2C_DeInit) refers to stm32f4xx_rcc.o(i.RCC_APB1PeriphResetCmd) for RCC_APB1PeriphResetCmd
    stm32f4xx_i2c.o(i.I2C_Init) refers to stm32f4xx_rcc.o(i.RCC_GetClocksFreq) for RCC_GetClocksFreq
    stm32f4xx_rcc.o(i.RCC_GetClocksFreq) refers to stm32f4xx_rcc.o(.data) for APBAHBPrescTable
    stm32f4xx_rcc.o(i.RCC_WaitForHSEStartUp) refers to stm32f4xx_rcc.o(i.RCC_GetFlagStatus) for RCC_GetFlagStatus
    stm32f4xx_sdio.o(i.SDIO_DeInit) refers to stm32f4xx_rcc.o(i.RCC_APB2PeriphResetCmd) for RCC_APB2PeriphResetCmd
[...]
    ..\SAVE\TIMER\timer.c                    0x00000000   Number         0  timer.o ABSOLUTE
    ..\SAVE\USART2\usart2.c                  0x00000000   Number         0  usart2.o ABSOLUTE
    ..\SAVE\door.c                           0x00000000   Number         0  door.o ABSOLUTE
    ..\SAVE\key\key.c                        0x00000000   Number         0  key.o ABSOLUTE
    ..\SAVE\led.c                            0x00000000   Number         0  led.o ABSOLUTE
    ..\SAVE\oled\oled.c                      0x00000000   Number         0  oled.o ABSOLUTE
    ..\SYSTEM\delay\delay.c                  0x00000000   Number         0  delay.o ABSOLUTE
    ..\SYSTEM\sys\sys.c                      0x00000000   Number         0  sys.o ABSOLUTE
    ..\SYSTEM\usart\usart.c                  0x00000000   Number         0  usart.o ABSOLUTE
    ..\\FWLIB\\src\\misc.c                   0x00000000   Number         0  misc.o ABSOLUTE
    ..\\FWLIB\\src\\stm32f4xx_adc.c          0x00000000   Number         0  stm32f4xx_adc.o ABSOLUTE
    ..\\FWLIB\\src\\stm32f4xx_dac.c          0x00000000   Number         0  stm32f4xx_dac.o ABSOLUTE
    ..\\FWLIB\\src\\stm32f4xx_exti.c         0x00000000   Number         0  stm32f4xx_exti.o ABSOLUTE
    ..\\FWLIB\\src\\stm32f4xx_flash.c        0x00000000   Number         0  stm32f4xx_flash.o ABSOLUTE
    ..\\FWLIB\\src\\stm32f4xx_flash_ramfunc.c 0x00000000   Number         0  stm32f4xx_flash_ramfunc.o ABSOLUTE
    ..\\FWLIB\\src\\stm32f4xx_fsmc.c         0x00000000   Number         0  stm32f4xx_fsmc.o ABSOLUTE
    ..\\FWLIB\\src\\stm32f4xx_gpio.c         0x00000000   Number         0  stm32f4xx_gpio.o ABSOLUTE
    ..\\FWLIB\\src\\stm32f4xx_i2c.c          0x00000000   Number         0  stm32f4xx_i2c.o ABSOLUTE
    ..\\FWLIB\\src\\stm32f4xx_rcc.c          0x00000000   Number         0  stm32f4xx_rcc.o ABSOLUTE
    ..\\FWLIB\\src\\stm32f4xx_sdio.c         0x00000000   Number         0  stm32f4xx_sdio.o ABSOLUTE
    ..\\FWLIB\\src\\stm32f4xx_spi.c          0x00000000   Number         0  stm32f4xx_spi.o ABSOLUTE
    ..\\FWLIB\\src\\stm32f4xx_syscfg.c       0x00000000   Number         0  stm32f4xx_syscfg.o ABSOLUTE
    ..\\FWLIB\\src\\stm32f4xx_tim.c          0x00000000   Number         0  stm32f4xx_tim.o ABSOLUTE
    ..\\FWLIB\\src\\stm32f4xx_usart.c        0x00000000   Number         0  stm32f4xx_usart.o ABSOLUTE
    ..\\SAVE\\24CXX\\24cxx.c                 0x00000000   Number         0  24cxx.o ABSOLUTE
    ..\\SAVE\\AS608\\as608.c                 0x00000000   Number         0  as608.o ABSOLUTE
    ..\\SAVE\\IIC.c                          0x00000000   Number         0  iic.o ABSOLUTE
    ..\\SAVE\\LCD\\lcd.c                     0x00000000   Number         0  lcd.o ABSOLUTE
    ..\\SAVE\\MALLOC\\malloc.c               0x00000000   Number         0  malloc.o ABSOLUTE
    ..\\SAVE\\RCC522\\RC522.c                0x00000000   Number         0  rc522.o ABSOLUTE
    ..\\SAVE\\RCC522\\RFID_API.c             0x00000000   Number         0  rfid_api.o ABSOLUTE
    ..\\SAVE\\SPI\\spi.c                     0x00000000   Number         0  spi.o ABSOLUTE
    ..\\SAVE\\TIMER\\timer.c                 0x00000000   Number         0  timer.o ABSOLUTE
    ..\\SAVE\\USART2\\usart2.c               0x00000000   Number         0  usart2.o ABSOLUTE
    ..\\SAVE\\door.c                         0x00000000   Number         0  door.o ABSOLUTE
    ..\\SAVE\\key\\key.c                     0x00000000   Number         0  key.o ABSOLUTE
    ..\\SAVE\\led.c                          0x00000000   Number         0  led.o ABSOLUTE
    ..\\SAVE\\oled\\oled.c                   0x00000000   Number         0  oled.o ABSOLUTE
    ..\\SYSTEM\\delay\\delay.c               0x00000000   Number         0  delay.o ABSOLUTE
    ..\\SYSTEM\\sys\\sys.c                   0x00000000   Number         0  sys.o ABSOLUTE
    ..\\SYSTEM\\usart\\usart.c               0x00000000   Number         0  usart.o ABSOLUTE
    cdrcmple.s                               0x00000000   Number         0  cdrcmple.o ABSOLUTE
    dc.s                                     0x00000000   Number         0  dc.o ABSOLUTE
    handlers.s                               0x00000000   Number         0  handlers.o ABSOLUTE
    init.s                                   0x00000000   Number         0  init.o ABSOLUTE
    main.c                                   0x00000000   Number         0  main.o ABSOLUTE
    main.c                                   0x00000000   Number         0  main.o ABSOLUTE
    stm32f4xx_it.c                           0x00000000   Number         0  stm32f4xx_it.o ABSOLUTE
    stm32f4xx_it.c                           0x00000000   Number         0  stm32f4xx_it.o ABSOLUTE
    system_stm32f4xx.c                       0x00000000   Number         0  system_stm32f4xx.o ABSOLUTE
    system_stm32f4xx.c                       0x00000000   Number         0  system_stm32f4xx.o ABSOLUTE
    RESET                                    0x08000000   Section      392  startup_stm32f40_41xxx.o(RESET)
    .ARM.Collect$$$$00000000                 0x08000188   Section        0  entry.o(.ARM.Collect$$$$00000000)
    .ARM.Collect$$$$00000001                 0x08000188   Section        4  entry2.o(.ARM.Collect$$$$00000001)
    .ARM.Collect$$$$00000004                 0x0800018c   Section        4  entry5.o(.ARM.Collect$$$$00000004)
    .ARM.Collect$$$$00000008                 0x08000190   Section        0  entry7b.o(.ARM.Collect$$$$00000008)
    .ARM.Collect$$$$0000000A                 0x08000190   Section        0  entry8b.o(.ARM.Collect$$$$0000000A)
    .ARM.Collect$$$$0000000B                 0x08000190   Section        8  entry9a.o(.ARM.Collect$$$$0000000B)
    .ARM.Collect$$$$0000000D                 0x08000198   Section        0  entry10a.o(.ARM.Collect$$$$0000000D)
    .ARM.Collect$$$$0000000F                 0x08000198   Section        0  entry11a.o(.ARM.Collect$$$$0000000F)
    .ARM.Collect$$$$00002712                 0x08000198   Section        4  entry2.o(.ARM.Collect$$$$00002712)
    __lit__00000000                          0x08000198   Data           4  entry2.o(.ARM.Collect$$$$00002712)
    .text                                    0x0800019c   Section       36  startup_stm32f40_41xxx.o(.text)
    $v0                                      0x0800019c   Number         0  startup_stm32f40_41xxx.o(.text)
    .text                                    0x080001c0   Section        0  memseta.o(.text)
    .text                                    0x080001e4   Section        0  strstr.o(.text)
    .text                                    0x08000208   Section        0  strcmp.o(.text)
    .text                                    0x08000224   Section        0  strcpy.o(.text)
    .text                                    0x08000236   Section        0  uidiv.o(.text)
    .text                                    0x08000262   Section        0  uldiv.o(.text)
    .text                                    0x080002c4   Section        0  dadd.o(.text)
    .text                                    0x080002c4   Section        0  iusefp.o(.text)
    .text                                    0x08000412   Section        0  dmul.o(.text)
    .text                                    0x080004f6   Section        0  ddiv.o(.text)
    .text                                    0x080005d4   Section        0  dfixul.o(.text)
    .text                                    0x08000604   Section       48  cdrcmple.o(.text)
    .text                                    0x08000634   Section       36  init.o(.text)
    .text                                    0x08000658   Section        0  llshl.o(.text)
    .text                                    0x08000676   Section        0  llushr.o(.text)
    .text                                    0x08000696   Section        0  llsshr.o(.text)
    .text                                    0x080006ba   Section        0  depilogue.o(.text)
    i.AT24CXX_Check                          0x08000774   Section        0  24cxx.o(i.AT24CXX_Check)
    i.AT24CXX_Init                           0x080007a8   Section        0  24cxx.o(i.AT24CXX_Init)
    i.AT24CXX_ReadOneByte                    0x080007d8   Section        0  24cxx.o(i.AT24CXX_ReadOneByte)
    i.AT24CXX_WriteOneByte                   0x0800082e   Section        0  24cxx.o(i.AT24CXX_WriteOneByte)
    i.Add_FR                                 0x0800087c   Section        0  as608.o(i.Add_FR)
    i.AntennaOn                              0x08000b74   Section        0  rc522.o(i.AntennaOn)
    i.BusFault_Handler                       0x08000ba0   Section        0  stm32f4xx_it.o(i.BusFault_Handler)
    i.CalulateCRC                            0x08000ba4   Section        0  rc522.o(i.CalulateCRC)
    i.ChangeMode                             0x08000c10   Section        0  key.o(i.ChangeMode)
    i.ClearBitMask                           0x08000c48   Section        0  rc522.o(i.ClearBitMask)
    i.DebugMon_Handler                       0x08000c64   Section        0  stm32f4xx_it.o(i.DebugMon_Handler)
    i.EnsureMessage                          0x08000c68   Section        0  as608.o(i.EnsureMessage)
    i.GPIO_Init                              0x08000ed8   Section        0  stm32f4xx_gpio.o(i.GPIO_Init)
    i.GPIO_PinAFConfig                       0x08000f68   Section        0  stm32f4xx_gpio.o(i.GPIO_PinAFConfig)
    i.GPIO_ReadInputData                     0x08000fae   Section        0  stm32f4xx_gpio.o(i.GPIO_ReadInputData)
    i.GPIO_ReadInputDataBit                  0x08000fb6   Section        0  stm32f4xx_gpio.o(i.GPIO_ReadInputDataBit)
    i.GPIO_ResetBits                         0x08000fc8   Section        0  stm32f4xx_gpio.o(i.GPIO_ResetBits)
    i.GPIO_SetBits                           0x08000fcc   Section        0  stm32f4xx_gpio.o(i.GPIO_SetBits)
    i.HardFault_Handler                      0x08000fd0   Section        0  stm32f4xx_it.o(i.HardFault_Handler)
    i.IIC_Init                               0x08000fd4   Section        0  iic.o(i.IIC_Init)
    i.IIC_NAck                               0x0800101c   Section        0  iic.o(i.IIC_NAck)
    i.IIC_Read_Byte                          0x08001070   Section        0  iic.o(i.IIC_Read_Byte)
    i.IIC_Send_Byte                          0x080010d0   Section        0  iic.o(i.IIC_Send_Byte)
    i.IIC_Start                              0x08001148   Section        0  iic.o(i.IIC_Start)
    i.IIC_Stop                               0x08001194   Section        0  iic.o(i.IIC_Stop)
    i.IIC_Wait_Ack                           0x080011e4   Section        0  iic.o(i.IIC_Wait_Ack)
    i.JudgeStr                               0x08001248   Section        0  as608.o(i.JudgeStr)
    JudgeStr                                 0x08001249   Thumb Code   122  as608.o(i.JudgeStr)
    i.KeyOpen                                0x080012d0   Section        0  key.o(i.KeyOpen)
    i.LCD_Clear                              0x0800172c   Section        0  lcd.o(i.LCD_Clear)
    i.LCD_DrawPoint                          0x0800175c   Section        0  lcd.o(i.LCD_DrawPoint)
    i.LCD_Fill                               0x0800177c   Section        0  lcd.o(i.LCD_Fill)
    i.LCD_Init                               0x080017cc   Section        0  lcd.o(i.LCD_Init)
    i.LCD_Pow                                0x080019f8   Section        0  lcd.o(i.LCD_Pow)
    i.LCD_SetCursor                          0x08001a10   Section        0  lcd.o(i.LCD_SetCursor)
    i.LCD_ShowChar                           0x08001a44   Section        0  lcd.o(i.LCD_ShowChar)
    i.LCD_ShowNum                            0x08001bb4   Section        0  lcd.o(i.LCD_ShowNum)
    i.LCD_ShowString                         0x08001c48   Section        0  lcd.o(i.LCD_ShowString)
    i.LCD_ShowxNum                           0x08001cae   Section        0  lcd.o(i.LCD_ShowxNum)
    i.LCD_WR_DATA                            0x08001d6c   Section        0  lcd.o(i.LCD_WR_DATA)
    i.LCD_WR_DATA8                           0x08001da8   Section        0  lcd.o(i.LCD_WR_DATA8)
    i.LCD_WR_REG                             0x08001ddc   Section        0  lcd.o(i.LCD_WR_REG)
    i.LCD_WriteRAM_Prepare                   0x08001e10   Section        0  lcd.o(i.LCD_WriteRAM_Prepare)
    i.MFRC522_Initializtion                  0x08001e20   Section        0  rc522.o(i.MFRC522_Initializtion)
    i.MFRC522_Reset                          0x08001eac   Section        0  rc522.o(i.MFRC522_Reset)
    i.MYUSART_SendData                       0x08001f54   Section        0  as608.o(i.MYUSART_SendData)
    MYUSART_SendData                         0x08001f55   Thumb Code    22  as608.o(i.MYUSART_SendData)
    i.MemManage_Handler                      0x08001f70   Section        0  stm32f4xx_it.o(i.MemManage_Handler)
    i.NMI_Handler                            0x08001f74   Section        0  stm32f4xx_it.o(i.NMI_Handler)
    i.NVIC_Init                              0x08001f78   Section        0  misc.o(i.NVIC_Init)
    i.NVIC_PriorityGroupConfig               0x08001ff0   Section        0  misc.o(i.NVIC_PriorityGroupConfig)
    i.PS_DeletChar                           0x08002004   Section        0  as608.o(i.PS_DeletChar)
    i.PS_GenChar                             0x08002070   Section        0  as608.o(i.PS_GenChar)
    i.PS_GetImage                            0x080020b6   Section        0  as608.o(i.PS_GetImage)
    i.PS_HandShake                           0x080020f0   Section        0  as608.o(i.PS_HandShake)
    i.PS_Match                               0x08002170   Section        0  as608.o(i.PS_Match)
    i.PS_ReadSysPara                         0x080021ac   Section        0  as608.o(i.PS_ReadSysPara)
    i.PS_RegModel                            0x0800229c   Section        0  as608.o(i.PS_RegModel)
    i.PS_Search                              0x080022d6   Section        0  as608.o(i.PS_Search)
    i.PS_StaGPIO_Init                        0x08002368   Section        0  as608.o(i.PS_StaGPIO_Init)
    i.PS_StoreChar                           0x08002398   Section        0  as608.o(i.PS_StoreChar)
    i.PS_ValidTempleteNum                    0x080023f8   Section        0  as608.o(i.PS_ValidTempleteNum)
    i.PcdAnticoll                            0x08002480   Section        0  rc522.o(i.PcdAnticoll)
    i.PcdAuthState                           0x080024f0   Section        0  rc522.o(i.PcdAuthState)
    i.PcdComMF522                            0x08002560   Section        0  rc522.o(i.PcdComMF522)
    i.PcdRead                                0x0800269c   Section        0  rc522.o(i.PcdRead)
    i.PcdRequest                             0x080026f2   Section        0  rc522.o(i.PcdRequest)
    i.PcdSelect                              0x08002748   Section        0  rc522.o(i.PcdSelect)
    i.PcdWrite                               0x080027bc   Section        0  rc522.o(i.PcdWrite)
    i.PendSV_Handler                         0x08002852   Section        0  stm32f4xx_it.o(i.PendSV_Handler)
    i.RC522_Add_ic_card                      0x08002854   Section        0  rfid_api.o(i.RC522_Add_ic_card)
    i.RC522_Read_Mess                        0x08002924   Section        0  rfid_api.o(i.RC522_Read_Mess)
    i.RC522_del_ic_card                      0x08002a9c   Section        0  rfid_api.o(i.RC522_del_ic_card)
    i.RC522_search                           0x08002b90   Section        0  rfid_api.o(i.RC522_search)
    i.RCC_AHB1PeriphClockCmd                 0x08002bf0   Section        0  stm32f4xx_rcc.o(i.RCC_AHB1PeriphClockCmd)
    i.RCC_APB1PeriphClockCmd                 0x08002c10   Section        0  stm32f4xx_rcc.o(i.RCC_APB1PeriphClockCmd)
    i.RCC_APB1PeriphResetCmd                 0x08002c30   Section        0  stm32f4xx_rcc.o(i.RCC_APB1PeriphResetCmd)
    i.RCC_APB2PeriphClockCmd                 0x08002c50   Section        0  stm32f4xx_rcc.o(i.RCC_APB2PeriphClockCmd)
    i.RCC_APB2PeriphResetCmd                 0x08002c70   Section        0  stm32f4xx_rcc.o(i.RCC_APB2PeriphResetCmd)
    i.RCC_GetClocksFreq                      0x08002c90   Section        0  stm32f4xx_rcc.o(i.RCC_GetClocksFreq)
    i.ReadRawRC                              0x08002d78   Section        0  rc522.o(i.ReadRawRC)
    i.SPI1_Init                              0x08002db8   Section        0  spi.o(i.SPI1_Init)
    i.SPI2_Init                              0x08002f30   Section        0  spi.o(i.SPI2_Init)
    i.SPI_Cmd                                0x08003004   Section        0  stm32f4xx_spi.o(i.SPI_Cmd)
    i.SPI_Init                               0x0800301c   Section        0  stm32f4xx_spi.o(i.SPI_Init)
    i.SPI_WriteByte                          0x08003058   Section        0  spi.o(i.SPI_WriteByte)
    i.SVC_Handler                            0x0800307a   Section        0  stm32f4xx_it.o(i.SVC_Handler)
    i.SendAddr                               0x0800307c   Section        0  as608.o(i.SendAddr)
    SendAddr                                 0x0800307d   Thumb Code    46  as608.o(i.SendAddr)
    i.SendCheck                              0x080030b0   Section        0  as608.o(i.SendCheck)
    SendCheck                                0x080030b1   Thumb Code    18  as608.o(i.SendCheck)
    i.SendFlag                               0x080030c2   Section        0  as608.o(i.SendFlag)
    SendFlag                                 0x080030c3   Thumb Code    12  as608.o(i.SendFlag)
    i.SendHead                               0x080030ce   Section        0  as608.o(i.SendHead)
    SendHead                                 0x080030cf   Thumb Code    16  as608.o(i.SendHead)
    i.SendLength                             0x080030de   Section        0  as608.o(i.SendLength)
    SendLength                               0x080030df   Thumb Code    20  as608.o(i.SendLength)
    i.Sendcmd                                0x080030f2   Section        0  as608.o(i.Sendcmd)
    Sendcmd                                  0x080030f3   Thumb Code    12  as608.o(i.Sendcmd)
    i.SetBitMask                             0x080030fe   Section        0  rc522.o(i.SetBitMask)
    i.SetSysClock                            0x0800311c   Section        0  system_stm32f4xx.o(i.SetSysClock)
    SetSysClock                              0x0800311d   Thumb Code   220  system_stm32f4xx.o(i.SetSysClock)
    i.ShowErrMessage                         0x08003208   Section        0  as608.o(i.ShowErrMessage)
    i.SysTick_CLKSourceConfig                0x08003260   Section        0  misc.o(i.SysTick_CLKSourceConfig)
    i.SysTick_Handler                        0x08003288   Section        0  stm32f4xx_it.o(i.SysTick_Handler)
    i.SystemInit                             0x0800328c   Section        0  system_stm32f4xx.o(i.SystemInit)
    i.TIM3_IRQHandler                        0x080032f4   Section        0  timer.o(i.TIM3_IRQHandler)
    i.TIM3_Int_Init                          0x080033ac   Section        0  timer.o(i.TIM3_Int_Init)
    i.TIM7_IRQHandler                        0x08003408   Section        0  timer.o(i.TIM7_IRQHandler)
    i.TIM7_Int_Init                          0x0800343c   Section        0  timer.o(i.TIM7_Int_Init)
    i.TIM_ClearITPendingBit                  0x0800348c   Section        0  stm32f4xx_tim.o(i.TIM_ClearITPendingBit)
    i.TIM_Cmd                                0x08003492   Section        0  stm32f4xx_tim.o(i.TIM_Cmd)
    i.TIM_GetITStatus                        0x080034aa   Section        0  stm32f4xx_tim.o(i.TIM_GetITStatus)
    i.TIM_ITConfig                           0x080034cc   Section        0  stm32f4xx_tim.o(i.TIM_ITConfig)
    i.TIM_SetCounter                         0x080034de   Section        0  stm32f4xx_tim.o(i.TIM_SetCounter)
    i.TIM_TimeBaseInit                       0x080034e4   Section        0  stm32f4xx_tim.o(i.TIM_TimeBaseInit)
    i.USART1_IRQHandler                      0x08003568   Section        0  usart.o(i.USART1_IRQHandler)
    i.USART2_IRQHandler                      0x08003598   Section        0  usart2.o(i.USART2_IRQHandler)
    i.USART_ClearITPendingBit                0x08003608   Section        0  stm32f4xx_usart.o(i.USART_ClearITPendingBit)
    i.USART_Cmd                              0x08003626   Section        0  stm32f4xx_usart.o(i.USART_Cmd)
    i.USART_DeInit                           0x08003640   Section        0  stm32f4xx_usart.o(i.USART_DeInit)
    i.USART_GetITStatus                      0x08003730   Section        0  stm32f4xx_usart.o(i.USART_GetITStatus)
    i.USART_ITConfig                         0x08003784   Section        0  stm32f4xx_usart.o(i.USART_ITConfig)
    i.USART_Init                             0x080037d0   Section        0  stm32f4xx_usart.o(i.USART_Init)
    i.USART_ReceiveData                      0x080038a4   Section        0  stm32f4xx_usart.o(i.USART_ReceiveData)
    i.UsageFault_Handler                     0x080038ae   Section        0  stm32f4xx_it.o(i.UsageFault_Handler)
    i.WriteRawRC                             0x080038b4   Section        0  rc522.o(i.WriteRawRC)
    i.__0printf                              0x080038f4   Section        0  printfa.o(i.__0printf)
    i.__0sprintf                             0x08003914   Section        0  printfa.o(i.__0sprintf)
    i.__scatterload_copy                     0x0800393c   Section       14  handlers.o(i.__scatterload_copy)
    i.__scatterload_null                     0x0800394a   Section        2  handlers.o(i.__scatterload_null)
    i.__scatterload_zeroinit                 0x0800394c   Section       14  handlers.o(i.__scatterload_zeroinit)
    i._fp_digits                             0x0800395c   Section        0  printfa.o(i._fp_digits)
    _fp_digits                               0x0800395d   Thumb Code   334  printfa.o(i._fp_digits)
    i._printf_core                           0x08003ac0   Section        0  printfa.o(i._printf_core)
    _printf_core                             0x08003ac1   Thumb Code  1744  printfa.o(i._printf_core)
    i._printf_post_padding                   0x0800419c   Section        0  printfa.o(i._printf_post_padding)
    _printf_post_padding                     0x0800419d   Thumb Code    36  printfa.o(i._printf_post_padding)
    i._printf_pre_padding                    0x080041c0   Section        0  printfa.o(i._printf_pre_padding)
    _printf_pre_padding                      0x080041c1   Thumb Code    46  printfa.o(i._printf_pre_padding)
    i._sputc                                 0x080041ee   Section        0  printfa.o(i._sputc)
    _sputc                                   0x080041ef   Thumb Code    10  printfa.o(i._sputc)
    i.add_fingerprint                        0x080041f8   Section        0  as608.o(i.add_fingerprint)
    i.add_ic                                 0x08004334   Section        0  rfid_api.o(i.add_ic)
    i.add_password                           0x08004478   Section        0  key.o(i.add_password)
    i.closedoor                              0x08004588   Section        0  door.o(i.closedoor)
    i.del_fingerprint                        0x08004604   Section        0  as608.o(i.del_fingerprint)
    i.del_ic                                 0x080047c8   Section        0  rfid_api.o(i.del_ic)
    i.delay_init                             0x0800490c   Section        0  delay.o(i.delay_init)
    i.delay_ms                               0x08004948   Section        0  delay.o(i.delay_ms)
    i.delay_us                               0x08004980   Section        0  delay.o(i.delay_us)
    i.delay_xms                              0x080049cc   Section        0  delay.o(i.delay_xms)
    i.door_init                              0x08004a18   Section        0  door.o(i.door_init)
    i.fputc                                  0x08004a58   Section        0  usart.o(i.fputc)
    i.key_init                               0x08004a74   Section        0  key.o(i.key_init)
    i.keypress                               0x08004ad8   Section        0  key.o(i.keypress)
    i.led_init                               0x08004c54   Section        0  led.o(i.led_init)
    i.main                                   0x08004c90   Section        0  main.o(i.main)
    i.my_mem_free                            0x080056fc   Section        0  malloc.o(i.my_mem_free)
    i.my_mem_init                            0x08005768   Section        0  malloc.o(i.my_mem_init)
    i.my_mem_malloc                          0x080057ac   Section        0  malloc.o(i.my_mem_malloc)
    i.my_mem_perused                         0x08005854   Section        0  malloc.o(i.my_mem_perused)
    i.my_strcmp                              0x08005894   Section        0  key.o(i.my_strcmp)
    i.myfree                                 0x080058cc   Section        0  malloc.o(i.myfree)
    i.mymalloc                               0x080058f0   Section        0  malloc.o(i.mymalloc)
    i.mymemset                               0x08005918   Section        0  malloc.o(i.mymemset)
    i.not_use_manual                         0x0800592c   Section        0  timer.o(i.not_use_manual)
    i.opendoor                               0x08005960   Section        0  door.o(i.opendoor)
    i.press_FR                               0x080059dc   Section        0  as608.o(i.press_FR)
    i.showimage                              0x08005ac4   Section        0  lcd.o(i.showimage)
    i.uart_init                              0x08005b28   Section        0  usart.o(i.uart_init)
    i.usart2_init                            0x08005bd8   Section        0  usart2.o(i.usart2_init)
    i.use_manual                             0x08005cac   Section        0  timer.o(i.use_manual)
    .constdata                               0x08005e4c   Section    26916  lcd.o(.constdata)
    .constdata                               0x0800c770   Section       36  malloc.o(.constdata)
    .ARM.__AT_0x10000000                     0x10000000   Section    61440  malloc.o(.ARM.__AT_0x10000000)
    .ARM.__AT_0x1000F000                     0x1000f000   Section     3840  malloc.o(.ARM.__AT_0x1000F000)
    .data                                    0x20000000   Section       16  stm32f4xx_rcc.o(.data)
    APBAHBPrescTable                         0x20000000   Data          16  stm32f4xx_rcc.o(.data)
    .data                                    0x20000010   Section        4  delay.o(.data)
    fac_us                                   0x20000010   Data           1  delay.o(.data)
    fac_ms                                   0x20000012   Data           2  delay.o(.data)
    .data                                    0x20000014   Section        6  usart.o(.data)
    .data                                    0x2000001a   Section       30  main.o(.data)
    .data                                    0x20000038   Section        6  as608.o(.data)
    status                                   0x2000003c   Data           1  as608.o(.data)
    del_num                                  0x2000003d   Data           1  as608.o(.data)
    .data                                    0x2000003e   Section        2  usart2.o(.data)
    .data                                    0x20000040   Section        5  timer.o(.data)
    times_count_1                            0x20000040   Data           1  timer.o(.data)
    times_count_2                            0x20000042   Data           2  timer.o(.data)
    num                                      0x20000044   Data           1  timer.o(.data)
    .data                                    0x20000046   Section        4  lcd.o(.data)
    .data                                    0x2000004a   Section        2  key.o(.data)
    KeyHold                                  0x2000004a   Data           1  key.o(.data)
    num                                      0x2000004b   Data           1  key.o(.data)
    .data                                    0x2000004c   Section       36  rfid_api.o(.data)
    status                                   0x20000069   Data           1  rfid_api.o(.data)
    status                                   0x2000006a   Data           1  rfid_api.o(.data)
    Str_temp                                 0x2000006c   Data           4  rfid_api.o(.data)
    .data                                    0x20000070   Section       36  malloc.o(.data)
    .bss                                     0x20000094   Section       12  as608.o(.bss)
    .bss                                     0x200000a0   Section      800  usart2.o(.bss)
    .bss                                     0x200003c0   Section       10  lcd.o(.bss)
    .bss                                     0x200003ca   Section       32  rfid_api.o(.bss)
    .bss                                     0x20000400   Section    108800  malloc.o(.bss)
    STACK                                    0x2001ad00   Section     1024  startup_stm32f40_41xxx.o(STACK)
    .ARM.__AT_0x68000000                     0x68000000   Section    983040  malloc.o(.ARM.__AT_0x68000000)
    .ARM.__AT_0x680F0000                     0x680f0000   Section    61440  malloc.o(.ARM.__AT_0x680F0000)

    Global Symbols

    Symbol Name                              Value     Ov Type        Size  Object(Section)

    BuildAttributes$$THM_ISAv4$E$P$D$K$B$S$7EM$VFPi3$EXTD16$VFPS$VFMA$PE$A:L22UL41UL21$X:L11$S22US41US21$IEEE1$IW$USESV6$~STKCKD$USESV7$~SHL$OSPACE$ROPI$EBA8$MICROLIB$REQ8$PRES8$EABIv2 0x00000000   Number         0  anon$$obj.o ABSOLUTE
    __ARM_use_no_argv                        0x00000000   Number         0  main.o ABSOLUTE
    __use_no_errno                           0x00000000   Number         0  useno.o ABSOLUTE
    __use_no_exception_handling              0x00000000   Number         0  useno.o ABSOLUTE
    __use_no_fp                              0x00000000   Number         0  useno.o ABSOLUTE
    __use_no_heap                            0x00000000   Number         0  useno.o ABSOLUTE
    __use_no_heap_region                     0x00000000   Number         0  useno.o ABSOLUTE
    __use_no_semihosting                     0x00000000   Number         0  useno.o ABSOLUTE
    __use_no_semihosting_swi                 0x00000000   Number         0  useno.o ABSOLUTE
    __use_no_signal_handling                 0x00000000   Number         0  useno.o ABSOLUTE
    _printf_a                                0x00000000   Number         0  stubs.o ABSOLUTE
    _printf_c                                0x00000000   Number         0  stubs.o ABSOLUTE
    _printf_charcount                        0x00000000   Number         0  stubs.o ABSOLUTE
    _printf_d                                0x00000000   Number         0  stubs.o ABSOLUTE
    _printf_e                                0x00000000   Number         0  stubs.o ABSOLUTE
    _printf_f                                0x00000000   Number         0  stubs.o ABSOLUTE
    _printf_flags                            0x00000000   Number         0  stubs.o ABSOLUTE
    _printf_fp_dec                           0x00000000   Number         0  stubs.o ABSOLUTE
    _printf_fp_hex                           0x00000000   Number         0  stubs.o ABSOLUTE
    _printf_g                                0x00000000   Number         0  stubs.o ABSOLUTE
    _printf_i                                0x00000000   Number         0  stubs.o ABSOLUTE
    _printf_int_dec                          0x00000000   Number         0  stubs.o ABSOLUTE
    _printf_l                                0x00000000   Number         0  stubs.o ABSOLUTE
    _printf_lc                               0x00000000   Number         0  stubs.o ABSOLUTE
    _printf_ll                               0x00000000   Number         0  stubs.o ABSOLUTE
    _printf_lld                              0x00000000   Number         0  stubs.o ABSOLUTE
    _printf_lli                              0x00000000   Number         0  stubs.o ABSOLUTE
    _printf_llo                              0x00000000   Number         0  stubs.o ABSOLUTE
    _printf_llu                              0x00000000   Number         0  stubs.o ABSOLUTE
    _printf_llx                              0x00000000   Number         0  stubs.o ABSOLUTE
    _printf_longlong_dec                     0x00000000   Number         0  stubs.o ABSOLUTE
    _printf_longlong_hex                     0x00000000   Number         0  stubs.o ABSOLUTE
    _printf_longlong_oct                     0x00000000   Number         0  stubs.o ABSOLUTE
    _printf_ls                               0x00000000   Number         0  stubs.o ABSOLUTE
    _printf_mbtowc                           0x00000000   Number         0  stubs.o ABSOLUTE
    _printf_n                                0x00000000   Number         0  stubs.o ABSOLUTE
    _printf_o                                0x00000000   Number         0  stubs.o ABSOLUTE
    _printf_p                                0x00000000   Number         0  stubs.o ABSOLUTE
    _printf_percent                          0x00000000   Number         0  stubs.o ABSOLUTE
    _printf_pre_padding                      0x00000000   Number         0  stubs.o ABSOLUTE
    _printf_return_value                     0x00000000   Number         0  stubs.o ABSOLUTE
    _printf_s                                0x00000000   Number         0  stubs.o ABSOLUTE
    _printf_sizespec                         0x00000000   Number         0  stubs.o ABSOLUTE
    _printf_str                              0x00000000   Number         0  stubs.o ABSOLUTE
    _printf_truncate_signed                  0x00000000   Number         0  stubs.o ABSOLUTE
    _printf_truncate_unsigned                0x00000000   Number         0  stubs.o ABSOLUTE
    _printf_u                                0x00000000   Number         0  stubs.o ABSOLUTE
    _printf_wc                               0x00000000   Number         0  stubs.o ABSOLUTE
    _printf_wctomb                           0x00000000   Number         0  stubs.o ABSOLUTE
    _printf_widthprec                        0x00000000   Number         0  stubs.o ABSOLUTE
    _printf_x                                0x00000000   Number         0  stubs.o ABSOLUTE
    __cpp_initialize__aeabi_                  - Undefined Weak Reference
    __cxa_finalize                            - Undefined Weak Reference
    __decompress                              - Undefined Weak Reference
    _clock_init                               - Undefined Weak Reference
    _microlib_exit                            - Undefined Weak Reference
    __Vectors_Size                           0x00000188   Number         0  startup_stm32f40_41xxx.o ABSOLUTE
    __Vectors                                0x08000000   Data           4  startup_stm32f40_41xxx.o(RESET)
    __Vectors_End                            0x08000188   Data           0  startup_stm32f40_41xxx.o(RESET)
    __main                                   0x08000189   Thumb Code     0  entry.o(.ARM.Collect$$$$00000000)
    _main_stk                                0x08000189   Thumb Code     0  entry2.o(.ARM.Collect$$$$00000001)
    _main_scatterload                        0x0800018d   Thumb Code     0  entry5.o(.ARM.Collect$$$$00000004)
    __main_after_scatterload                 0x08000191   Thumb Code     0  entry5.o(.ARM.Collect$$$$00000004)
    _main_clock                              0x08000191   Thumb Code     0  entry7b.o(.ARM.Collect$$$$00000008)
    _main_cpp_init                           0x08000191   Thumb Code     0  entry8b.o(.ARM.Collect$$$$0000000A)
    _main_init                               0x08000191   Thumb Code     0  entry9a.o(.ARM.Collect$$$$0000000B)
    __rt_final_cpp                           0x08000199   Thumb Code     0  entry10a.o(.ARM.Collect$$$$0000000D)
    __rt_final_exit                          0x08000199   Thumb Code     0  entry11a.o(.ARM.Collect$$$$0000000F)
    Reset_Handler                            0x0800019d   Thumb Code     8  startup_stm32f40_41xxx.o(.text)
    ADC_IRQHandler                           0x080001b7   Thumb Code     0  startup_stm32f40_41xxx.o(.text)
    CAN1_RX0_IRQHandler                      0x080001b7   Thumb Code     0  startup_stm32f40_41xxx.o(.text)
    CAN1_RX1_IRQHandler                      0x080001b7   Thumb Code     0  startup_stm32f40_41xxx.o(.text)
    CAN1_SCE_IRQHandler                      0x080001b7   Thumb Code     0  startup_stm32f40_41xxx.o(.text)
    CAN1_TX_IRQHandler                       0x080001b7   Thumb Code     0  startup_stm32f40_41xxx.o(.text)
    CAN2_RX0_IRQHandler                      0x080001b7   Thumb Code     0  startup_stm32f40_41xxx.o(.text)
    CAN2_RX1_IRQHandler                      0x080001b7   Thumb Code     0  startup_stm32f40_41xxx.o(.text)
    CAN2_SCE_IRQHandler                      0x080001b7   Thumb Code     0  startup_stm32f40_41xxx.o(.text)
    CAN2_TX_IRQHandler                       0x080001b7   Thumb Code     0  startup_stm32f40_41xxx.o(.text)
    CRYP_IRQHandler                          0x080001b7   Thumb Code     0  startup_stm32f40_41xxx.o(.text)
    DCMI_IRQHandler                          0x080001b7   Thumb Code     0  startup_stm32f40_41xxx.o(.text)
    DMA1_Stream0_IRQHandler                  0x080001b7   Thumb Code     0  startup_stm32f40_41xxx.o(.text)
    DMA1_Stream1_IRQHandler                  0x080001b7   Thumb Code     0  startup_stm32f40_41xxx.o(.text)
    DMA1_Stream2_IRQHandler                  0x080001b7   Thumb Code     0  startup_stm32f40_41xxx.o(.text)
    DMA1_Stream3_IRQHandler                  0x080001b7   Thumb Code     0  startup_stm32f40_41xxx.o(.text)
    DMA1_Stream4_IRQHandler                  0x080001b7   Thumb Code     0  startup_stm32f40_41xxx.o(.text)
    DMA1_Stream5_IRQHandler                  0x080001b7   Thumb Code     0  startup_stm32f40_41xxx.o(.text)
    DMA1_Stream6_IRQHandler                  0x080001b7   Thumb Code     0  startup_stm32f40_41xxx.o(.text)
    DMA1_Stream7_IRQHandler                  0x080001b7   Thumb Code     0  startup_stm32f40_41xxx.o(.text)
    DMA2_Stream0_IRQHandler                  0x080001b7   Thumb Code     0  startup_stm32f40_41xxx.o(.text)
    DMA2_Stream1_IRQHandler                  0x080001b7   Thumb Code     0  startup_stm32f40_41xxx.o(.text)
    DMA2_Stream2_IRQHandler                  0x080001b7   Thumb Code     0  startup_stm32f40_41xxx.o(.text)
    DMA2_Stream3_IRQHandler                  0x080001b7   Thumb Code     0  startup_stm32f40_41xxx.o(.text)
    DMA2_Stream4_IRQHandler                  0x080001b7   Thumb Code     0  startup_stm32f40_41xxx.o(.text)
    DMA2_Stream5_IRQHandler                  0x080001b7   Thumb Code     0  startup_stm32f40_41xxx.o(.text)
    DMA2_Stream6_IRQHandler                  0x080001b7   Thumb Code     0  startup_stm32f40_41xxx.o(.text)
    DMA2_Stream7_IRQHandler                  0x080001b7   Thumb Code     0  startup_stm32f40_41xxx.o(.text)
    ETH_IRQHandler                           0x080001b7   Thumb Code     0  startup_stm32f40_41xxx.o(.text)
    ETH_WKUP_IRQHandler                      0x080001b7   Thumb Code     0  startup_stm32f40_41xxx.o(.text)
    EXTI0_IRQHandler                         0x080001b7   Thumb Code     0  startup_stm32f40_41xxx.o(.text)
    EXTI15_10_IRQHandler                     0x080001b7   Thumb Code     0  startup_stm32f40_41xxx.o(.text)
    EXTI1_IRQHandler                         0x080001b7   Thumb Code     0  startup_stm32f40_41xxx.o(.text)
    EXTI2_IRQHandler                         0x080001b7   Thumb Code     0  startup_stm32f40_41xxx.o(.text)
    EXTI3_IRQHandler                         0x080001b7   Thumb Code     0  startup_stm32f40_41xxx.o(.text)
    EXTI4_IRQHandler                         0x080001b7   Thumb Code     0  startup_stm32f40_41xxx.o(.text)
    EXTI9_5_IRQHandler                       0x080001b7   Thumb Code     0  startup_stm32f40_41xxx.o(.text)
    FLASH_IRQHandler                         0x080001b7   Thumb Code     0  startup_stm32f40_41xxx.o(.text)
    FPU_IRQHandler                           0x080001b7   Thumb Code     0  startup_stm32f40_41xxx.o(.text)
    FSMC_IRQHandler                          0x080001b7   Thumb Code     0  startup_stm32f40_41xxx.o(.text)
    HASH_RNG_IRQHandler                      0x080001b7   Thumb Code     0  startup_stm32f40_41xxx.o(.text)
    I2C1_ER_IRQHandler                       0x080001b7   Thumb Code     0  startup_stm32f40_41xxx.o(.text)
    I2C1_EV_IRQHandler                       0x080001b7   Thumb Code     0  startup_stm32f40_41xxx.o(.text)
    I2C2_ER_IRQHandler                       0x080001b7   Thumb Code     0  startup_stm32f40_41xxx.o(.text)
    I2C2_EV_IRQHandler                       0x080001b7   Thumb Code     0  startup_stm32f40_41xxx.o(.text)
    I2C3_ER_IRQHandler                       0x080001b7   Thumb Code     0  startup_stm32f40_41xxx.o(.text)
    I2C3_EV_IRQHandler                       0x080001b7   Thumb Code     0  startup_stm32f40_41xxx.o(.text)
    OTG_FS_IRQHandler                        0x080001b7   Thumb Code     0  startup_stm32f40_41xxx.o(.text)
    OTG_FS_WKUP_IRQHandler                   0x080001b7   Thumb Code     0  startup_stm32f40_41xxx.o(.text)
    OTG_HS_EP1_IN_IRQHandler                 0x080001b7   Thumb Code     0  startup_stm32f40_41xxx.o(.text)
    OTG_HS_EP1_OUT_IRQHandler                0x080001b7   Thumb Code     0  startup_stm32f40_41xxx.o(.text)
    OTG_HS_IRQHandler                        0x080001b7   Thumb Code     0  startup_stm32f40_41xxx.o(.text)
    OTG_HS_WKUP_IRQHandler                   0x080001b7   Thumb Code     0  startup_stm32f40_41xxx.o(.text)
    PVD_IRQHandler                           0x080001b7   Thumb Code     0  startup_stm32f40_41xxx.o(.text)
    RCC_IRQHandler                           0x080001b7   Thumb Code     0  startup_stm32f40_41xxx.o(.text)
    RTC_Alarm_IRQHandler                     0x080001b7   Thumb Code     0  startup_stm32f40_41xxx.o(.text)
    RTC_WKUP_IRQHandler                      0x080001b7   Thumb Code     0  startup_stm32f40_41xxx.o(.text)
    SDIO_IRQHandler                          0x080001b7   Thumb Code     0  startup_stm32f40_41xxx.o(.text)
    SPI1_IRQHandler                          0x080001b7   Thumb Code     0  startup_stm32f40_41xxx.o(.text)
    SPI2_IRQHandler                          0x080001b7   Thumb Code     0  startup_stm32f40_41xxx.o(.text)
    SPI3_IRQHandler                          0x080001b7   Thumb Code     0  startup_stm32f40_41xxx.o(.text)
    TAMP_STAMP_IRQHandler                    0x080001b7   Thumb Code     0  startup_stm32f40_41xxx.o(.text)
    TIM1_BRK_TIM9_IRQHandler                 0x080001b7   Thumb Code     0  startup_stm32f40_41xxx.o(.text)
    TIM1_CC_IRQHandler                       0x080001b7   Thumb Code     0  startup_stm32f40_41xxx.o(.text)
    TIM1_TRG_COM_TIM11_IRQHandler            0x080001b7   Thumb Code     0  startup_stm32f40_41xxx.o(.text)
    TIM1_UP_TIM10_IRQHandler                 0x080001b7   Thumb Code     0  startup_stm32f40_41xxx.o(.text)
    TIM2_IRQHandler                          0x080001b7   Thumb Code     0  startup_stm32f40_41xxx.o(.text)
    TIM4_IRQHandler                          0x080001b7   Thumb Code     0  startup_stm32f40_41xxx.o(.text)
    TIM5_IRQHandler                          0x080001b7   Thumb Code     0  startup_stm32f40_41xxx.o(.text)
    TIM6_DAC_IRQHandler                      0x080001b7   Thumb Code     0  startup_stm32f40_41xxx.o(.text)
    TIM8_BRK_TIM12_IRQHandler                0x080001b7   Thumb Code     0  startup_stm32f40_41xxx.o(.text)
    TIM8_CC_IRQHandler                       0x080001b7   Thumb Code     0  startup_stm32f40_41xxx.o(.text)
    TIM8_TRG_COM_TIM14_IRQHandler            0x080001b7   Thumb Code     0  startup_stm32f40_41xxx.o(.text)
    TIM8_UP_TIM13_IRQHandler                 0x080001b7   Thumb Code     0  startup_stm32f40_41xxx.o(.text)
    UART4_IRQHandler                         0x080001b7   Thumb Code     0  startup_stm32f40_41xxx.o(.text)
    UART5_IRQHandler                         0x080001b7   Thumb Code     0  startup_stm32f40_41xxx.o(.text)
    USART3_IRQHandler                        0x080001b7   Thumb Code     0  startup_stm32f40_41xxx.o(.text)
    USART6_IRQHandler                        0x080001b7   Thumb Code     0  startup_stm32f40_41xxx.o(.text)
    WWDG_IRQHandler                          0x080001b7   Thumb Code     0  startup_stm32f40_41xxx.o(.text)
    __aeabi_memset                           0x080001c1   Thumb Code    14  memseta.o(.text)
    __aeabi_memset4                          0x080001c1   Thumb Code     0  memseta.o(.text)
    __aeabi_memset8                          0x080001c1   Thumb Code     0  memseta.o(.text)
    __aeabi_memclr                           0x080001cf   Thumb Code     4  memseta.o(.text)
    __aeabi_memclr4                          0x080001cf   Thumb Code     0  memseta.o(.text)
    __aeabi_memclr8                          0x080001cf   Thumb Code     0  memseta.o(.text)
    _memset$wrapper                          0x080001d3   Thumb Code    18  memseta.o(.text)
    strstr                                   0x080001e5   Thumb Code    36  strstr.o(.text)
    strcmp                                   0x08000209   Thumb Code    28  strcmp.o(.text)
    strcpy                                   0x08000225   Thumb Code    18  strcpy.o(.text)
    __aeabi_uidiv                            0x08000237   Thumb Code     0  uidiv.o(.text)
    __aeabi_uidivmod                         0x08000237   Thumb Code    44  uidiv.o(.text)
    __aeabi_uldivmod                         0x08000263   Thumb Code    98  uldiv.o(.text)
    __I$use$fp                               0x080002c5   Thumb Code     0  iusefp.o(.text)
    __aeabi_dadd                             0x080002c5   Thumb Code   322  dadd.o(.text)
    __aeabi_dsub                             0x08000407   Thumb Code     6  dadd.o(.text)
    __aeabi_drsub                            0x0800040d   Thumb Code     6  dadd.o(.text)
    __aeabi_dmul                             0x08000413   Thumb Code   228  dmul.o(.text)
    __aeabi_ddiv                             0x080004f7   Thumb Code   222  ddiv.o(.text)
    __aeabi_d2ulz                            0x080005d5   Thumb Code    48  dfixul.o(.text)
    __aeabi_cdrcmple                         0x08000605   Thumb Code    48  cdrcmple.o(.text)
    __scatterload                            0x08000635   Thumb Code    28  init.o(.text)
    __scatterload_rt2                        0x08000635   Thumb Code     0  init.o(.text)
    __aeabi_llsl                             0x08000659   Thumb Code    30  llshl.o(.text)
    _ll_shift_l                              0x08000659   Thumb Code     0  llshl.o(.text)
    __aeabi_llsr                             0x08000677   Thumb Code    32  llushr.o(.text)
    _ll_ushift_r                             0x08000677   Thumb Code     0  llushr.o(.text)
    __aeabi_lasr                             0x08000697   Thumb Code    36  llsshr.o(.text)
    _ll_sshift_r                             0x08000697   Thumb Code     0  llsshr.o(.text)
    _double_round                            0x080006bb   Thumb Code    30  depilogue.o(.text)
    _double_epilogue                         0x080006d9   Thumb Code   156  depilogue.o(.text)
    AT24CXX_Check                            0x08000775   Thumb Code    52  24cxx.o(i.AT24CXX_Check)
    AT24CXX_Init                             0x080007a9   Thumb Code    34  24cxx.o(i.AT24CXX_Init)
    AT24CXX_ReadOneByte                      0x080007d9   Thumb Code    86  24cxx.o(i.AT24CXX_ReadOneByte)
    AT24CXX_WriteOneByte                     0x0800082f   Thumb Code    76  24cxx.o(i.AT24CXX_WriteOneByte)
    Add_FR                                   0x0800087d   Thumb Code   486  as608.o(i.Add_FR)
    AntennaOn                                0x08000b75   Thumb Code    44  rc522.o(i.AntennaOn)
    BusFault_Handler                         0x08000ba1   Thumb Code     4  stm32f4xx_it.o(i.BusFault_Handler)
    CalulateCRC                              0x08000ba5   Thumb Code   108  rc522.o(i.CalulateCRC)
    ChangeMode                               0x08000c11   Thumb Code    50  key.o(i.ChangeMode)
    ClearBitMask                             0x08000c49   Thumb Code    28  rc522.o(i.ClearBitMask)
    DebugMon_Handler                         0x08000c65   Thumb Code     2  stm32f4xx_it.o(i.DebugMon_Handler)
    EnsureMessage                            0x08000c69   Thumb Code   140  as608.o(i.EnsureMessage)
    GPIO_Init                                0x08000ed9   Thumb Code   144  stm32f4xx_gpio.o(i.GPIO_Init)
    GPIO_PinAFConfig                         0x08000f69   Thumb Code    70  stm32f4xx_gpio.o(i.GPIO_PinAFConfig)
    GPIO_ReadInputData                       0x08000faf   Thumb Code     8  stm32f4xx_gpio.o(i.GPIO_ReadInputData)
    GPIO_ReadInputDataBit                    0x08000fb7   Thumb Code    18  stm32f4xx_gpio.o(i.GPIO_ReadInputDataBit)
    GPIO_ResetBits                           0x08000fc9   Thumb Code     4  stm32f4xx_gpio.o(i.GPIO_ResetBits)
    GPIO_SetBits                             0x08000fcd   Thumb Code     4  stm32f4xx_gpio.o(i.GPIO_SetBits)
    HardFault_Handler                        0x08000fd1   Thumb Code     4  stm32f4xx_it.o(i.HardFault_Handler)
    IIC_Init                                 0x08000fd5   Thumb Code    60  iic.o(i.IIC_Init)
    IIC_NAck                                 0x0800101d   Thumb Code    72  iic.o(i.IIC_NAck)
    IIC_Read_Byte                            0x08001071   Thumb Code    82  iic.o(i.IIC_Read_Byte)
    IIC_Send_Byte                            0x080010d1   Thumb Code   106  iic.o(i.IIC_Send_Byte)
    IIC_Start                                0x08001149   Thumb Code    68  iic.o(i.IIC_Start)
    IIC_Stop                                 0x08001195   Thumb Code    68  iic.o(i.IIC_Stop)
    IIC_Wait_Ack                             0x080011e5   Thumb Code    88  iic.o(i.IIC_Wait_Ack)
    KeyOpen                                  0x080012d1   Thumb Code   808  key.o(i.KeyOpen)
    LCD_Clear                                0x0800172d   Thumb Code    44  lcd.o(i.LCD_Clear)
    LCD_DrawPoint                            0x0800175d   Thumb Code    28  lcd.o(i.LCD_DrawPoint)
    LCD_Fill                                 0x0800177d   Thumb Code    80  lcd.o(i.LCD_Fill)
    LCD_Init                                 0x080017cd   Thumb Code   538  lcd.o(i.LCD_Init)
    LCD_Pow                                  0x080019f9   Thumb Code    22  lcd.o(i.LCD_Pow)
    LCD_SetCursor                            0x08001a11   Thumb Code    48  lcd.o(i.LCD_SetCursor)
    LCD_ShowChar                             0x08001a45   Thumb Code   346  lcd.o(i.LCD_ShowChar)
    LCD_ShowNum                              0x08001bb5   Thumb Code   148  lcd.o(i.LCD_ShowNum)
    LCD_ShowString                           0x08001c49   Thumb Code   102  lcd.o(i.LCD_ShowString)
    LCD_ShowxNum                             0x08001caf   Thumb Code   190  lcd.o(i.LCD_ShowxNum)
    LCD_WR_DATA                              0x08001d6d   Thumb Code    46  lcd.o(i.LCD_WR_DATA)
    LCD_WR_DATA8                             0x08001da9   Thumb Code    38  lcd.o(i.LCD_WR_DATA8)
    LCD_WR_REG                               0x08001ddd   Thumb Code    38  lcd.o(i.LCD_WR_REG)
    LCD_WriteRAM_Prepare                     0x08001e11   Thumb Code    12  lcd.o(i.LCD_WriteRAM_Prepare)
    MFRC522_Initializtion                    0x08001e21   Thumb Code   140  rc522.o(i.MFRC522_Initializtion)
    MFRC522_Reset                            0x08001ead   Thumb Code   158  rc522.o(i.MFRC522_Reset)
    MemManage_Handler                        0x08001f71   Thumb Code     4  stm32f4xx_it.o(i.MemManage_Handler)
    NMI_Handler                              0x08001f75   Thumb Code     2  stm32f4xx_it.o(i.NMI_Handler)
    NVIC_Init                                0x08001f79   Thumb Code   106  misc.o(i.NVIC_Init)
    NVIC_PriorityGroupConfig                 0x08001ff1   Thumb Code    10  misc.o(i.NVIC_PriorityGroupConfig)
    PS_DeletChar                             0x08002005   Thumb Code   108  as608.o(i.PS_DeletChar)
    PS_GenChar                               0x08002071   Thumb Code    70  as608.o(i.PS_GenChar)
    PS_GetImage                              0x080020b7   Thumb Code    58  as608.o(i.PS_GetImage)
    PS_HandShake                             0x080020f1   Thumb Code   118  as608.o(i.PS_HandShake)
    PS_Match                                 0x08002171   Thumb Code    58  as608.o(i.PS_Match)
    PS_ReadSysPara                           0x080021ad   Thumb Code   168  as608.o(i.PS_ReadSysPara)
    PS_RegModel                              0x0800229d   Thumb Code    58  as608.o(i.PS_RegModel)
    PS_Search                                0x080022d7   Thumb Code   144  as608.o(i.PS_Search)
    PS_StaGPIO_Init                          0x08002369   Thumb Code    42  as608.o(i.PS_StaGPIO_Init)
    PS_StoreChar                             0x08002399   Thumb Code    96  as608.o(i.PS_StoreChar)
    PS_ValidTempleteNum                      0x080023f9   Thumb Code   108  as608.o(i.PS_ValidTempleteNum)
    PcdAnticoll                              0x08002481   Thumb Code   112  rc522.o(i.PcdAnticoll)
    PcdAuthState                             0x080024f1   Thumb Code   110  rc522.o(i.PcdAuthState)
    PcdComMF522                              0x08002561   Thumb Code   310  rc522.o(i.PcdComMF522)
    PcdRead                                  0x0800269d   Thumb Code    86  rc522.o(i.PcdRead)
    PcdRequest                               0x080026f3   Thumb Code    86  rc522.o(i.PcdRequest)
    PcdSelect                                0x08002749   Thumb Code   116  rc522.o(i.PcdSelect)
    PcdWrite                                 0x080027bd   Thumb Code   150  rc522.o(i.PcdWrite)
    PendSV_Handler                           0x08002853   Thumb Code     2  stm32f4xx_it.o(i.PendSV_Handler)
    RC522_Add_ic_card                        0x08002855   Thumb Code   146  rfid_api.o(i.RC522_Add_ic_card)
    RC522_Read_Mess                          0x08002925   Thumb Code   316  rfid_api.o(i.RC522_Read_Mess)
    RC522_del_ic_card                        0x08002a9d   Thumb Code   188  rfid_api.o(i.RC522_del_ic_card)
    RC522_search                             0x08002b91   Thumb Code    68  rfid_api.o(i.RC522_search)
    RCC_AHB1PeriphClockCmd                   0x08002bf1   Thumb Code    26  stm32f4xx_rcc.o(i.RCC_AHB1PeriphClockCmd)
    RCC_APB1PeriphClockCmd                   0x08002c11   Thumb Code    26  stm32f4xx_rcc.o(i.RCC_APB1PeriphClockCmd)
    RCC_APB1PeriphResetCmd                   0x08002c31   Thumb Code    26  stm32f4xx_rcc.o(i.RCC_APB1PeriphResetCmd)
    RCC_APB2PeriphClockCmd                   0x08002c51   Thumb Code    26  stm32f4xx_rcc.o(i.RCC_APB2PeriphClockCmd)
    RCC_APB2PeriphResetCmd                   0x08002c71   Thumb Code    26  stm32f4xx_rcc.o(i.RCC_APB2PeriphResetCmd)
    RCC_GetClocksFreq                        0x08002c91   Thumb Code   214  stm32f4xx_rcc.o(i.RCC_GetClocksFreq)
    ReadRawRC                                0x08002d79   Thumb Code    52  rc522.o(i.ReadRawRC)
    SPI1_Init                                0x08002db9   Thumb Code   362  spi.o(i.SPI1_Init)
    SPI2_Init                                0x08002f31   Thumb Code   202  spi.o(i.SPI2_Init)
    SPI_Cmd                                  0x08003005   Thumb Code    24  stm32f4xx_spi.o(i.SPI_Cmd)
    SPI_Init                                 0x0800301d   Thumb Code    60  stm32f4xx_spi.o(i.SPI_Init)
    SPI_WriteByte                            0x08003059   Thumb Code    34  spi.o(i.SPI_WriteByte)
    SVC_Handler                              0x0800307b   Thumb Code     2  stm32f4xx_it.o(i.SVC_Handler)
    SetBitMask                               0x080030ff   Thumb Code    28  rc522.o(i.SetBitMask)
    ShowErrMessage                           0x08003209   Thumb Code    72  as608.o(i.ShowErrMessage)
    SysTick_CLKSourceConfig                  0x08003261   Thumb Code    40  misc.o(i.SysTick_CLKSourceConfig)
    SysTick_Handler                          0x08003289   Thumb Code     2  stm32f4xx_it.o(i.SysTick_Handler)
    SystemInit                               0x0800328d   Thumb Code    88  system_stm32f4xx.o(i.SystemInit)
    TIM3_IRQHandler                          0x080032f5   Thumb Code   164  timer.o(i.TIM3_IRQHandler)
    TIM3_Int_Init                            0x080033ad   Thumb Code    88  timer.o(i.TIM3_Int_Init)
    TIM7_IRQHandler                          0x08003409   Thumb Code    42  timer.o(i.TIM7_IRQHandler)
    TIM7_Int_Init                            0x0800343d   Thumb Code    76  timer.o(i.TIM7_Int_Init)
    TIM_ClearITPendingBit                    0x0800348d   Thumb Code     6  stm32f4xx_tim.o(i.TIM_ClearITPendingBit)
    TIM_Cmd                                  0x08003493   Thumb Code    24  stm32f4xx_tim.o(i.TIM_Cmd)
    TIM_GetITStatus                          0x080034ab   Thumb Code    34  stm32f4xx_tim.o(i.TIM_GetITStatus)
    TIM_ITConfig                             0x080034cd   Thumb Code    18  stm32f4xx_tim.o(i.TIM_ITConfig)
    TIM_SetCounter                           0x080034df   Thumb Code     4  stm32f4xx_tim.o(i.TIM_SetCounter)
    TIM_TimeBaseInit                         0x080034e5   Thumb Code   104  stm32f4xx_tim.o(i.TIM_TimeBaseInit)
    USART1_IRQHandler                        0x08003569   Thumb Code    42  usart.o(i.USART1_IRQHandler)
    USART2_IRQHandler                        0x08003599   Thumb Code    96  usart2.o(i.USART2_IRQHandler)
    USART_ClearITPendingBit                  0x08003609   Thumb Code    30  stm32f4xx_usart.o(i.USART_ClearITPendingBit)
    USART_Cmd                                0x08003627   Thumb Code    24  stm32f4xx_usart.o(i.USART_Cmd)
    USART_DeInit                             0x08003641   Thumb Code   206  stm32f4xx_usart.o(i.USART_DeInit)
    USART_GetITStatus                        0x08003731   Thumb Code    84  stm32f4xx_usart.o(i.USART_GetITStatus)
    USART_ITConfig                           0x08003785   Thumb Code    74  stm32f4xx_usart.o(i.USART_ITConfig)
    USART_Init                               0x080037d1   Thumb Code   204  stm32f4xx_usart.o(i.USART_Init)
    USART_ReceiveData                        0x080038a5   Thumb Code    10  stm32f4xx_usart.o(i.USART_ReceiveData)
    UsageFault_Handler                       0x080038af   Thumb Code     4  stm32f4xx_it.o(i.UsageFault_Handler)
    WriteRawRC                               0x080038b5   Thumb Code    50  rc522.o(i.WriteRawRC)
    __0printf                                0x080038f5   Thumb Code    22  printfa.o(i.__0printf)
    __1printf                                0x080038f5   Thumb Code     0  printfa.o(i.__0printf)
    __2printf                                0x080038f5   Thumb Code     0  printfa.o(i.__0printf)
    __c89printf                              0x080038f5   Thumb Code     0  printfa.o(i.__0printf)
    printf                                   0x080038f5   Thumb Code     0  printfa.o(i.__0printf)
    __0sprintf                               0x08003915   Thumb Code    34  printfa.o(i.__0sprintf)
    __1sprintf                               0x08003915   Thumb Code     0  printfa.o(i.__0sprintf)
    __2sprintf                               0x08003915   Thumb Code     0  printfa.o(i.__0sprintf)
    __c89sprintf                             0x08003915   Thumb Code     0  printfa.o(i.__0sprintf)
    sprintf                                  0x08003915   Thumb Code     0  printfa.o(i.__0sprintf)
    __scatterload_copy                       0x0800393d   Thumb Code    14  handlers.o(i.__scatterload_copy)
    __scatterload_null                       0x0800394b   Thumb Code     2  handlers.o(i.__scatterload_null)
    __scatterload_zeroinit                   0x0800394d   Thumb Code    14  handlers.o(i.__scatterload_zeroinit)
    add_fingerprint                          0x080041f9   Thumb Code   186  as608.o(i.add_fingerprint)
    add_ic                                   0x08004335   Thumb Code   196  rfid_api.o(i.add_ic)
    add_password                             0x08004479   Thumb Code   180  key.o(i.add_password)
    closedoor                                0x08004589   Thumb Code   120  door.o(i.closedoor)
    del_fingerprint                          0x08004605   Thumb Code   282  as608.o(i.del_fingerprint)
    del_ic                                   0x080047c9   Thumb Code   196  rfid_api.o(i.del_ic)
    delay_init                               0x0800490d   Thumb Code    52  delay.o(i.delay_init)
    delay_ms                                 0x08004949   Thumb Code    56  delay.o(i.delay_ms)
    delay_us                                 0x08004981   Thumb Code    72  delay.o(i.delay_us)
    delay_xms                                0x080049cd   Thumb Code    72  delay.o(i.delay_xms)
    door_init                                0x08004a19   Thumb Code    60  door.o(i.door_init)
    fputc                                    0x08004a59   Thumb Code    22  usart.o(i.fputc)
    key_init                                 0x08004a75   Thumb Code    96  key.o(i.key_init)
    keypress                                 0x08004ad9   Thumb Code   370  key.o(i.keypress)
    led_init                                 0x08004c55   Thumb Code    56  led.o(i.led_init)
    main                                     0x08004c91   Thumb Code  2658  main.o(i.main)
    my_mem_free                              0x080056fd   Thumb Code    96  malloc.o(i.my_mem_free)
    my_mem_init                              0x08005769   Thumb Code    54  malloc.o(i.my_mem_init)
    my_mem_malloc                            0x080057ad   Thumb Code   156  malloc.o(i.my_mem_malloc)
    my_mem_perused                           0x08005855   Thumb Code    54  malloc.o(i.my_mem_perused)
    my_strcmp                                0x08005895   Thumb Code    56  key.o(i.my_strcmp)
    myfree                                   0x080058cd   Thumb Code    30  malloc.o(i.myfree)
    mymalloc                                 0x080058f1   Thumb Code    34  malloc.o(i.mymalloc)
    mymemset                                 0x08005919   Thumb Code    20  malloc.o(i.mymemset)
    not_use_manual                           0x0800592d   Thumb Code    44  timer.o(i.not_use_manual)
    opendoor                                 0x08005961   Thumb Code   120  door.o(i.opendoor)
    press_FR                                 0x080059dd   Thumb Code   188  as608.o(i.press_FR)
    showimage                                0x08005ac5   Thumb Code    96  lcd.o(i.showimage)
    uart_init                                0x08005b29   Thumb Code   166  usart.o(i.uart_init)
    usart2_init                              0x08005bd9   Thumb Code   196  usart2.o(i.usart2_init)
    use_manual                               0x08005cad   Thumb Code   390  timer.o(i.use_manual)
    hanzi32                                  0x08005e4c   Data         384  lcd.o(.constdata)
    hanzi16                                  0x08005fcc   Data         192  lcd.o(.constdata)
    qqimage                                  0x0800608c   Data        3200  lcd.o(.constdata)
    asc2_1206                                0x08006d0c   Data        1140  lcd.o(.constdata)
    asc2_1608                                0x08007180   Data        1520  lcd.o(.constdata)
    gImage_kurumi                            0x08007770   Data       20480  lcd.o(.constdata)
    memtblsize                               0x0800c770   Data          12  malloc.o(.constdata)
    memblksize                               0x0800c77c   Data          12  malloc.o(.constdata)
    memsize                                  0x0800c788   Data          12  malloc.o(.constdata)
    Region$$Table$$Base                      0x0800c794   Number         0  anon$$obj.o(Region$$Table)
    Region$$Table$$Limit                     0x0800c7b4   Number         0  anon$$obj.o(Region$$Table)
    mem3base                                 0x10000000   Data       61440  malloc.o(.ARM.__AT_0x10000000)
    mem3mapbase                              0x1000f000   Data        3840  malloc.o(.ARM.__AT_0x1000F000)
    __stdout                                 0x20000014   Data           4  usart.o(.data)
    USART_RX_STA                             0x20000018   Data           2  usart.o(.data)
    ValidN                                   0x2000001a   Data           2  main.o(.data)
    use_machine                              0x2000001c   Data           1  main.o(.data)
    key_input                                0x2000001d   Data           5  main.o(.data)
    empty_key                                0x20000022   Data           4  main.o(.data)
    password                                 0x20000026   Data           4  main.o(.data)
    num1                                     0x2000002a   Data           1  main.o(.data)
    ic_card_key                              0x2000002b   Data           4  main.o(.data)
    num2                                     0x2000002f   Data           1  main.o(.data)
    password_status                          0x20000030   Data           1  main.o(.data)
    ic_card_status                           0x20000031   Data           1  main.o(.data)
    fingerprint_status                       0x20000032   Data           1  main.o(.data)
    fingerprint_flag                         0x20000033   Data           1  main.o(.data)
    enter_press                              0x20000034   Data           1  main.o(.data)
    control_door_flag                        0x20000035   Data           1  main.o(.data)
    display_manual                           0x20000036   Data           1  main.o(.data)
    manual_cmd                               0x20000037   Data           1  main.o(.data)
    AS608Addr                                0x20000038   Data           4  as608.o(.data)
    USART2_RX_STA                            0x2000003e   Data           2  usart2.o(.data)
    POINT_COLOR                              0x20000046   Data           2  lcd.o(.data)
    BACK_COLOR                               0x20000048   Data           2  lcd.o(.data)
    CardID                                   0x2000004c   Data           4  rfid_api.o(.data)
    study_num                                0x20000050   Data           4  rfid_api.o(.data)
    Card_Type                                0x20000054   Data           2  rfid_api.o(.data)
    key_func                                 0x20000056   Data           1  rfid_api.o(.data)
    DefaultKey                               0x20000057   Data           6  rfid_api.o(.data)
    door_key                                 0x2000005d   Data           6  rfid_api.o(.data)
    door_key1                                0x20000063   Data           6  rfid_api.o(.data)
    mallco_dev                               0x20000070   Data          36  malloc.o(.data)
    AS608Para                                0x20000094   Data          12  as608.o(.bss)
    USART2_TX_BUF                            0x200000a0   Data         400  usart2.o(.bss)
    USART2_RX_BUF                            0x20000230   Data         400  usart2.o(.bss)
    lcddev                                   0x200003c0   Data          10  lcd.o(.bss)
    RC522_Wbuff                              0x200003ca   Data          16  rfid_api.o(.bss)
    RC522_Rbuff                              0x200003da   Data          16  rfid_api.o(.bss)
    mem1base                                 0x20000400   Data       102400  malloc.o(.bss)
    mem1mapbase                              0x20019400   Data        6400  malloc.o(.bss)
    __initial_sp                             0x2001b100   Data           0  startup_stm32f40_41xxx.o(STACK)
    mem2base                                 0x68000000   Data       983040  malloc.o(.ARM.__AT_0x68000000)
    mem2mapbase                              0x680f0000   Data       61440  malloc.o(.ARM.__AT_0x680F0000)



==============================================================================

Memory Map of the image

  Image Entry point : 0x08000189

  Load Region LR_IROM1 (Base: 0x08000000, Size: 0x0000c848, Max: 0x00100000, ABSOLUTE)

    Execution Region ER_IROM1 (Base: 0x08000000, Size: 0x0000c7b4, Max: 0x00100000, ABSOLUTE)

    Base Addr    Size         Type   Attr      Idx    E Section Name        Object

    0x08000000   0x00000188   Data   RO            3    RESET               startup_stm32f40_41xxx.o
    0x08000188   0x00000000   Code   RO         4326  * .ARM.Collect$$$$00000000  mc_w.l(entry.o)
    0x08000188   0x00000004   Code   RO         4604    .ARM.Collect$$$$00000001  mc_w.l(entry2.o)
    0x0800018c   0x00000004   Code   RO         4607    .ARM.Collect$$$$00000004  mc_w.l(entry5.o)
    0x08000190   0x00000000   Code   RO         4609    .ARM.Collect$$$$00000008  mc_w.l(entry7b.o)
    0x08000190   0x00000000   Code   RO         4611    .ARM.Collect$$$$0000000A  mc_w.l(entry8b.o)
    0x08000190   0x00000008   Code   RO         4612    .ARM.Collect$$$$0000000B  mc_w.l(entry9a.o)
    0x08000198   0x00000000   Code   RO         4614    .ARM.Collect$$$$0000000D  mc_w.l(entry10a.o)
    0x08000198   0x00000000   Code   RO         4616    .ARM.Collect$$$$0000000F  mc_w.l(entry11a.o)
    0x08000198   0x00000004   Code   RO         4605    .ARM.Collect$$$$00002712  mc_w.l(entry2.o)
    0x0800019c   0x00000024   Code   RO            4    .text               startup_stm32f40_41xxx.o
    0x080001c0   0x00000024   Code   RO         4331    .text               mc_w.l(memseta.o)
    0x080001e4   0x00000024   Code   RO         4333    .text               mc_w.l(strstr.o)
    0x08000208   0x0000001c   Code   RO         4337    .text               mc_w.l(strcmp.o)
    0x08000224   0x00000012   Code   RO         4339    .text               mc_w.l(strcpy.o)
    0x08000236   0x0000002c   Code   RO         4618    .text               mc_w.l(uidiv.o)
    0x08000262   0x00000062   Code   RO         4620    .text               mc_w.l(uldiv.o)
    0x080002c4   0x00000000   Code   RO         4622    .text               mc_w.l(iusefp.o)
    0x080002c4   0x0000014e   Code   RO         4623    .text               mf_w.l(dadd.o)
    0x08000412   0x000000e4   Code   RO         4625    .text               mf_w.l(dmul.o)
    0x080004f6   0x000000de   Code   RO         4627    .text               mf_w.l(ddiv.o)
    0x080005d4   0x00000030   Code   RO         4629    .text               mf_w.l(dfixul.o)
    0x08000604   0x00000030   Code   RO         4631    .text               mf_w.l(cdrcmple.o)
    0x08000634   0x00000024   Code   RO         4633    .text               mc_w.l(init.o)
    0x08000658   0x0000001e   Code   RO         4635    .text               mc_w.l(llshl.o)
    0x08000676   0x00000020   Code   RO         4637    .text               mc_w.l(llushr.o)
    0x08000696   0x00000024   Code   RO         4639    .text               mc_w.l(llsshr.o)
    0x080006ba   0x000000ba   Code   RO         4641    .text               mf_w.l(depilogue.o)
    0x08000774   0x00000034   Code   RO         3275    i.AT24CXX_Check     24cxx.o
    0x080007a8   0x00000030   Code   RO         3276    i.AT24CXX_Init      24cxx.o
    0x080007d8   0x00000056   Code   RO         3279    i.AT24CXX_ReadOneByte  24cxx.o
    0x0800082e   0x0000004c   Code   RO         3282    i.AT24CXX_WriteOneByte  24cxx.o
    0x0800087a   0x00000002   PAD
    0x0800087c   0x000002f8   Code   RO         3439    i.Add_FR            as608.o
    0x08000b74   0x0000002c   Code   RO         4055    i.AntennaOn         rc522.o
    0x08000ba0   0x00000004   Code   RO         3035    i.BusFault_Handler  stm32f4xx_it.o
    0x08000ba4   0x0000006c   Code   RO         4056    i.CalulateCRC       rc522.o
    0x08000c10   0x00000038   Code   RO         3966    i.ChangeMode        key.o
    0x08000c48   0x0000001c   Code   RO         4057    i.ClearBitMask      rc522.o
    0x08000c64   0x00000002   Code   RO         3036    i.DebugMon_Handler  stm32f4xx_it.o
    0x08000c66   0x00000002   PAD
    0x08000c68   0x00000270   Code   RO         3440    i.EnsureMessage     as608.o
    0x08000ed8   0x00000090   Code   RO          996    i.GPIO_Init         stm32f4xx_gpio.o
    0x08000f68   0x00000046   Code   RO          997    i.GPIO_PinAFConfig  stm32f4xx_gpio.o
    0x08000fae   0x00000008   Code   RO          999    i.GPIO_ReadInputData  stm32f4xx_gpio.o
    0x08000fb6   0x00000012   Code   RO         1000    i.GPIO_ReadInputDataBit  stm32f4xx_gpio.o
    0x08000fc8   0x00000004   Code   RO         1003    i.GPIO_ResetBits    stm32f4xx_gpio.o
    0x08000fcc   0x00000004   Code   RO         1004    i.GPIO_SetBits      stm32f4xx_gpio.o
    0x08000fd0   0x00000004   Code   RO         3037    i.HardFault_Handler  stm32f4xx_it.o
    0x08000fd4   0x00000048   Code   RO         3192    i.IIC_Init          iic.o
    0x0800101c   0x00000054   Code   RO         3193    i.IIC_NAck          iic.o
    0x08001070   0x00000060   Code   RO         3195    i.IIC_Read_Byte     iic.o
    0x080010d0   0x00000078   Code   RO         3197    i.IIC_Send_Byte     iic.o
    0x08001148   0x0000004c   Code   RO         3198    i.IIC_Start         iic.o
    0x08001194   0x00000050   Code   RO         3199    i.IIC_Stop          iic.o
    0x080011e4   0x00000064   Code   RO         3200    i.IIC_Wait_Ack      iic.o
    0x08001248   0x00000088   Code   RO         3441    i.JudgeStr          as608.o
    0x080012d0   0x0000045c   Code   RO         3967    i.KeyOpen           key.o
    0x0800172c   0x00000030   Code   RO         3785    i.LCD_Clear         lcd.o
    0x0800175c   0x00000020   Code   RO         3790    i.LCD_DrawPoint     lcd.o
    0x0800177c   0x00000050   Code   RO         3792    i.LCD_Fill          lcd.o
    0x080017cc   0x0000022c   Code   RO         3793    i.LCD_Init          lcd.o
    0x080019f8   0x00000016   Code   RO         3794    i.LCD_Pow           lcd.o
    0x08001a0e   0x00000002   PAD
    0x08001a10   0x00000034   Code   RO         3795    i.LCD_SetCursor     lcd.o
    0x08001a44   0x00000170   Code   RO         3796    i.LCD_ShowChar      lcd.o
    0x08001bb4   0x00000094   Code   RO         3797    i.LCD_ShowNum       lcd.o
    0x08001c48   0x00000066   Code   RO         3798    i.LCD_ShowString    lcd.o
    0x08001cae   0x000000be   Code   RO         3799    i.LCD_ShowxNum      lcd.o
    0x08001d6c   0x0000003c   Code   RO         3800    i.LCD_WR_DATA       lcd.o
    0x08001da8   0x00000034   Code   RO         3801    i.LCD_WR_DATA8      lcd.o
    0x08001ddc   0x00000034   Code   RO         3802    i.LCD_WR_REG        lcd.o
    0x08001e10   0x00000010   Code   RO         3804    i.LCD_WriteRAM_Prepare  lcd.o
    0x08001e20   0x0000008c   Code   RO         4058    i.MFRC522_Initializtion  rc522.o
    0x08001eac   0x000000a8   Code   RO         4059    i.MFRC522_Reset     rc522.o
    0x08001f54   0x0000001c   Code   RO         3442    i.MYUSART_SendData  as608.o
    0x08001f70   0x00000004   Code   RO         3038    i.MemManage_Handler  stm32f4xx_it.o
    0x08001f74   0x00000002   Code   RO         3039    i.NMI_Handler       stm32f4xx_it.o
    0x08001f76   0x00000002   PAD
    0x08001f78   0x00000078   Code   RO           12    i.NVIC_Init         misc.o
    0x08001ff0   0x00000014   Code   RO           13    i.NVIC_PriorityGroupConfig  misc.o
    0x08002004   0x0000006c   Code   RO         3443    i.PS_DeletChar      as608.o
    0x08002070   0x00000046   Code   RO         3445    i.PS_GenChar        as608.o
    0x080020b6   0x0000003a   Code   RO         3446    i.PS_GetImage       as608.o
    0x080020f0   0x00000080   Code   RO         3447    i.PS_HandShake      as608.o
    0x08002170   0x0000003a   Code   RO         3449    i.PS_Match          as608.o
    0x080021aa   0x00000002   PAD
    0x080021ac   0x000000f0   Code   RO         3451    i.PS_ReadSysPara    as608.o
    0x0800229c   0x0000003a   Code   RO         3452    i.PS_RegModel       as608.o
    0x080022d6   0x00000090   Code   RO         3453    i.PS_Search         as608.o
    0x08002366   0x00000002   PAD
    0x08002368   0x00000030   Code   RO         3455    i.PS_StaGPIO_Init   as608.o
    0x08002398   0x00000060   Code   RO         3456    i.PS_StoreChar      as608.o
    0x080023f8   0x00000088   Code   RO         3457    i.PS_ValidTempleteNum  as608.o
    0x08002480   0x00000070   Code   RO         4060    i.PcdAnticoll       rc522.o
    0x080024f0   0x0000006e   Code   RO         4061    i.PcdAuthState      rc522.o
    0x0800255e   0x00000002   PAD
    0x08002560   0x0000013c   Code   RO         4062    i.PcdComMF522       rc522.o
    0x0800269c   0x00000056   Code   RO         4064    i.PcdRead           rc522.o
    0x080026f2   0x00000056   Code   RO         4065    i.PcdRequest        rc522.o
    0x08002748   0x00000074   Code   RO         4066    i.PcdSelect         rc522.o
    0x080027bc   0x00000096   Code   RO         4067    i.PcdWrite          rc522.o
    0x08002852   0x00000002   Code   RO         3040    i.PendSV_Handler    stm32f4xx_it.o
    0x08002854   0x000000d0   Code   RO         4175    i.RC522_Add_ic_card  rfid_api.o
    0x08002924   0x00000178   Code   RO         4176    i.RC522_Read_Mess   rfid_api.o
    0x08002a9c   0x000000f4   Code   RO         4177    i.RC522_del_ic_card  rfid_api.o
    0x08002b90   0x00000060   Code   RO         4178    i.RC522_search      rfid_api.o
    0x08002bf0   0x00000020   Code   RO         1317    i.RCC_AHB1PeriphClockCmd  stm32f4xx_rcc.o
    0x08002c10   0x00000020   Code   RO         1326    i.RCC_APB1PeriphClockCmd  stm32f4xx_rcc.o
    0x08002c30   0x00000020   Code   RO         1328    i.RCC_APB1PeriphResetCmd  stm32f4xx_rcc.o
    0x08002c50   0x00000020   Code   RO         1329    i.RCC_APB2PeriphClockCmd  stm32f4xx_rcc.o
    0x08002c70   0x00000020   Code   RO         1331    i.RCC_APB2PeriphResetCmd  stm32f4xx_rcc.o
    0x08002c90   0x000000e8   Code   RO         1338    i.RCC_GetClocksFreq  stm32f4xx_rcc.o
    0x08002d78   0x00000040   Code   RO         4069    i.ReadRawRC         rc522.o
    0x08002db8   0x00000178   Code   RO         3740    i.SPI1_Init         spi.o
    0x08002f30   0x000000d4   Code   RO         3741    i.SPI2_Init         spi.o
    0x08003004   0x00000018   Code   RO         1851    i.SPI_Cmd           stm32f4xx_spi.o
    0x0800301c   0x0000003c   Code   RO         1864    i.SPI_Init          stm32f4xx_spi.o
    0x08003058   0x00000022   Code   RO         3744    i.SPI_WriteByte     spi.o
    0x0800307a   0x00000002   Code   RO         3041    i.SVC_Handler       stm32f4xx_it.o
    0x0800307c   0x00000034   Code   RO         3460    i.SendAddr          as608.o
    0x080030b0   0x00000012   Code   RO         3461    i.SendCheck         as608.o
    0x080030c2   0x0000000c   Code   RO         3462    i.SendFlag          as608.o
    0x080030ce   0x00000010   Code   RO         3463    i.SendHead          as608.o
    0x080030de   0x00000014   Code   RO         3464    i.SendLength        as608.o
    0x080030f2   0x0000000c   Code   RO         3465    i.Sendcmd           as608.o
    0x080030fe   0x0000001c   Code   RO         4070    i.SetBitMask        rc522.o
    0x0800311a   0x00000002   PAD
    0x0800311c   0x000000ec   Code   RO         3132    i.SetSysClock       system_stm32f4xx.o
    0x08003208   0x00000058   Code   RO         3466    i.ShowErrMessage    as608.o
    0x08003260   0x00000028   Code   RO           16    i.SysTick_CLKSourceConfig  misc.o
    0x08003288   0x00000002   Code   RO         3042    i.SysTick_Handler   stm32f4xx_it.o
    0x0800328a   0x00000002   PAD
    0x0800328c   0x00000068   Code   RO         3134    i.SystemInit        system_stm32f4xx.o
    0x080032f4   0x000000b8   Code   RO         3687    i.TIM3_IRQHandler   timer.o
    0x080033ac   0x0000005c   Code   RO         3688    i.TIM3_Int_Init     timer.o
    0x08003408   0x00000034   Code   RO         3689    i.TIM7_IRQHandler   timer.o
    0x0800343c   0x00000050   Code   RO         3690    i.TIM7_Int_Init     timer.o
    0x0800348c   0x00000006   Code   RO         2076    i.TIM_ClearITPendingBit  stm32f4xx_tim.o
    0x08003492   0x00000018   Code   RO         2081    i.TIM_Cmd           stm32f4xx_tim.o
    0x080034aa   0x00000022   Code   RO         2102    i.TIM_GetITStatus   stm32f4xx_tim.o
    0x080034cc   0x00000012   Code   RO         2106    i.TIM_ITConfig      stm32f4xx_tim.o
    0x080034de   0x00000004   Code   RO         2147    i.TIM_SetCounter    stm32f4xx_tim.o
    0x080034e2   0x00000002   PAD
    0x080034e4   0x00000084   Code   RO         2153    i.TIM_TimeBaseInit  stm32f4xx_tim.o
    0x08003568   0x00000030   Code   RO         2879    i.USART1_IRQHandler  usart.o
    0x08003598   0x00000070   Code   RO         3638    i.USART2_IRQHandler  usart2.o
    0x08003608   0x0000001e   Code   RO         2628    i.USART_ClearITPendingBit  stm32f4xx_usart.o
    0x08003626   0x00000018   Code   RO         2631    i.USART_Cmd         stm32f4xx_usart.o
    0x0800363e   0x00000002   PAD
    0x08003640   0x000000f0   Code   RO         2633    i.USART_DeInit      stm32f4xx_usart.o
    0x08003730   0x00000054   Code   RO         2635    i.USART_GetITStatus  stm32f4xx_usart.o
    0x08003784   0x0000004a   Code   RO         2637    i.USART_ITConfig    stm32f4xx_usart.o
    0x080037ce   0x00000002   PAD
    0x080037d0   0x000000d4   Code   RO         2638    i.USART_Init        stm32f4xx_usart.o
    0x080038a4   0x0000000a   Code   RO         2645    i.USART_ReceiveData  stm32f4xx_usart.o
    0x080038ae   0x00000004   Code   RO         3043    i.UsageFault_Handler  stm32f4xx_it.o
    0x080038b2   0x00000002   PAD
    0x080038b4   0x00000040   Code   RO         4071    i.WriteRawRC        rc522.o
    0x080038f4   0x00000020   Code   RO         4576    i.__0printf         mc_w.l(printfa.o)
    0x08003914   0x00000028   Code   RO         4578    i.__0sprintf        mc_w.l(printfa.o)
    0x0800393c   0x0000000e   Code   RO         4645    i.__scatterload_copy  mc_w.l(handlers.o)
    0x0800394a   0x00000002   Code   RO         4646    i.__scatterload_null  mc_w.l(handlers.o)
    0x0800394c   0x0000000e   Code   RO         4647    i.__scatterload_zeroinit  mc_w.l(handlers.o)
    0x0800395a   0x00000002   PAD
    0x0800395c   0x00000164   Code   RO         4583    i._fp_digits        mc_w.l(printfa.o)
    0x08003ac0   0x000006dc   Code   RO         4584    i._printf_core      mc_w.l(printfa.o)
    0x0800419c   0x00000024   Code   RO         4585    i._printf_post_padding  mc_w.l(printfa.o)
    0x080041c0   0x0000002e   Code   RO         4586    i._printf_pre_padding  mc_w.l(printfa.o)
    0x080041ee   0x0000000a   Code   RO         4588    i._sputc            mc_w.l(printfa.o)
    0x080041f8   0x0000013c   Code   RO         3467    i.add_fingerprint   as608.o
    0x08004334   0x00000144   Code   RO         4179    i.add_ic            rfid_api.o
    0x08004478   0x00000110   Code   RO         3968    i.add_password      key.o
    0x08004588   0x0000007c   Code   RO         4023    i.closedoor         door.o
    0x08004604   0x000001c4   Code   RO         3468    i.del_fingerprint   as608.o
    0x080047c8   0x00000144   Code   RO         4180    i.del_ic            rfid_api.o
    0x0800490c   0x0000003c   Code   RO         2815    i.delay_init        delay.o
    0x08004948   0x00000038   Code   RO         2816    i.delay_ms          delay.o
    0x08004980   0x0000004c   Code   RO         2817    i.delay_us          delay.o
    0x080049cc   0x0000004c   Code   RO         2818    i.delay_xms         delay.o
    0x08004a18   0x00000040   Code   RO         4024    i.door_init         door.o
    0x08004a58   0x0000001c   Code   RO         2883    i.fputc             usart.o
    0x08004a74   0x00000064   Code   RO         3969    i.key_init          key.o
    0x08004ad8   0x0000017c   Code   RO         3971    i.keypress          key.o
    0x08004c54   0x0000003c   Code   RO         3169    i.led_init          led.o
    0x08004c90   0x00000a6c   Code   RO         2951    i.main              main.o
    0x080056fc   0x0000006c   Code   RO         4248    i.my_mem_free       malloc.o
    0x08005768   0x00000044   Code   RO         4249    i.my_mem_init       malloc.o
    0x080057ac   0x000000a8   Code   RO         4250    i.my_mem_malloc     malloc.o
    0x08005854   0x00000040   Code   RO         4251    i.my_mem_perused    malloc.o
    0x08005894   0x00000038   Code   RO         3972    i.my_strcmp         key.o
    0x080058cc   0x00000024   Code   RO         4252    i.myfree            malloc.o
    0x080058f0   0x00000028   Code   RO         4253    i.mymalloc          malloc.o
    0x08005918   0x00000014   Code   RO         4255    i.mymemset          malloc.o
    0x0800592c   0x00000034   Code   RO         3691    i.not_use_manual    timer.o
    0x08005960   0x0000007c   Code   RO         4025    i.opendoor          door.o
    0x080059dc   0x000000e8   Code   RO         3469    i.press_FR          as608.o
    0x08005ac4   0x00000064   Code   RO         3808    i.showimage         lcd.o
    0x08005b28   0x000000b0   Code   RO         2884    i.uart_init         usart.o
    0x08005bd8   0x000000d4   Code   RO         3640    i.usart2_init       usart2.o
    0x08005cac   0x000001a0   Code   RO         3692    i.use_manual        timer.o
    0x08005e4c   0x00006924   Data   RO         3810    .constdata          lcd.o
    0x0800c770   0x00000024   Data   RO         4262    .constdata          malloc.o
    0x0800c794   0x00000020   Data   RO         4643    Region$$Table       anon$$obj.o


    Execution Region RW_IRAM1 (Base: 0x20000000, Size: 0x0001b100, Max: 0x00020000, ABSOLUTE)

    Base Addr    Size         Type   Attr      Idx    E Section Name        Object

    0x20000000   0x00000010   Data   RW         1370    .data               stm32f4xx_rcc.o
    0x20000010   0x00000004   Data   RW         2819    .data               delay.o
    0x20000014   0x00000006   Data   RW         2886    .data               usart.o
    0x2000001a   0x0000001e   Data   RW         2952    .data               main.o
    0x20000038   0x00000006   Data   RW         3471    .data               as608.o
    0x2000003e   0x00000002   Data   RW         3642    .data               usart2.o
    0x20000040   0x00000005   Data   RW         3693    .data               timer.o
    0x20000045   0x00000001   PAD
    0x20000046   0x00000004   Data   RW         3811    .data               lcd.o
    0x2000004a   0x00000002   Data   RW         3973    .data               key.o
    0x2000004c   0x00000024   Data   RW         4184    .data               rfid_api.o
    0x20000070   0x00000024   Data   RW         4263    .data               malloc.o
    0x20000094   0x0000000c   Zero   RW         3470    .bss                as608.o
    0x200000a0   0x00000320   Zero   RW         3641    .bss                usart2.o
    0x200003c0   0x0000000a   Zero   RW         3809    .bss                lcd.o
    0x200003ca   0x00000020   Zero   RW         4182    .bss                rfid_api.o
    0x200003ea   0x00000016   PAD
    0x20000400   0x0001a900   Zero   RW         4261    .bss                malloc.o
    0x2001ad00   0x00000400   Zero   RW            1    STACK               startup_stm32f40_41xxx.o



  Load Region LR$$.ARM.__AT_0x10000000 (Base: 0x10000000, Size: 0x00000000, Max: 0x0000f000, ABSOLUTE)

    Execution Region ER$$.ARM.__AT_0x10000000 (Base: 0x10000000, Size: 0x0000f000, Max: 0x0000f000, ABSOLUTE, UNINIT)

    Base Addr    Size         Type   Attr      Idx    E Section Name        Object

    0x10000000   0x0000f000   Zero   RW         4257    .ARM.__AT_0x10000000  malloc.o



  Load Region LR$$.ARM.__AT_0x1000F000 (Base: 0x1000f000, Size: 0x00000000, Max: 0x00000f00, ABSOLUTE)

    Execution Region ER$$.ARM.__AT_0x1000F000 (Base: 0x1000f000, Size: 0x00000f00, Max: 0x00000f00, ABSOLUTE, UNINIT)

    Base Addr    Size         Type   Attr      Idx    E Section Name        Object

    0x1000f000   0x00000f00   Zero   RW         4258    .ARM.__AT_0x1000F000  malloc.o



  Load Region LR$$.ARM.__AT_0x68000000 (Base: 0x68000000, Size: 0x00000000, Max: 0x000f0000, ABSOLUTE)

    Execution Region ER$$.ARM.__AT_0x68000000 (Base: 0x68000000, Size: 0x000f0000, Max: 0x000f0000, ABSOLUTE, UNINIT)

    Base Addr    Size         Type   Attr      Idx    E Section Name        Object

    0x68000000   0x000f0000   Zero   RW         4259    .ARM.__AT_0x68000000  malloc.o



  Load Region LR$$.ARM.__AT_0x680F0000 (Base: 0x680f0000, Size: 0x00000000, Max: 0x0000f000, ABSOLUTE)

    Execution Region ER$$.ARM.__AT_0x680F0000 (Base: 0x680f0000, Size: 0x0000f000, Max: 0x0000f000, ABSOLUTE, UNINIT)

    Base Addr    Size         Type   Attr      Idx    E Section Name        Object

    0x680f0000   0x0000f000   Zero   RW         4260    .ARM.__AT_0x680F0000  malloc.o


==============================================================================

Image component sizes


      Code (inc. data)   RO Data    RW Data    ZI Data      Debug   Object Name

       262         14          0          0          0       2240   24cxx.o
      3910       1300          0          6         12      15405   as608.o
       268         16          0          4          0       2271   delay.o
       312         12          0          0          0       1483   door.o
       628         84          0          0          0       3616   iic.o
      1980        420          0          2          0       3704   key.o
      1878        102      26916          4         10      12016   lcd.o
        60          4          0          0          0        471   led.o
      2668        508          0         30          0       2870   main.o
       504         60         36         36    1218560       6098   malloc.o
       180         24          0          0          0     291353   misc.o
      1620         42          0          0          0      10392   rc522.o
      1572        462          0         36         32       4459   rfid_api.o
       622         24          0          0          0       2176   spi.o
        36          8        392          0       1024        828   startup_stm32f40_41xxx.o
       248          0          0          0          0       3760   stm32f4xx_gpio.o
        26          0          0          0          0       3698   stm32f4xx_it.o
       392         48          0         16          0       5465   stm32f4xx_rcc.o
        84          0          0          0          0       1609   stm32f4xx_spi.o
       218         28          0          0          0       3919   stm32f4xx_tim.o
       674         42          0          0          0       5203   stm32f4xx_usart.o
       340         32          0          0          0       1353   system_stm32f4xx.o
       876         72          0          5          0       3762   timer.o
       252         22          0          6          0       3536   usart.o
       324         32          0          2        800       1954   usart2.o

    ----------------------------------------------------------------------
     19960       3356      27376        148    1220460     393641   Object Totals
         0          0         32          0          0          0   (incl. Generated)
        26          0          0          1         22          0   (incl. Padding)

    ----------------------------------------------------------------------

      Code (inc. data)   RO Data    RW Data    ZI Data      Debug   Library Member Name

         0          0          0          0          0          0   entry.o
         0          0          0          0          0          0   entry10a.o
         0          0          0          0          0          0   entry11a.o
         8          4          0          0          0          0   entry2.o
         4          0          0          0          0          0   entry5.o
         0          0          0          0          0          0   entry7b.o
         0          0          0          0          0          0   entry8b.o
         8          4          0          0          0          0   entry9a.o
        30          0          0          0          0          0   handlers.o
        36          8          0          0          0         68   init.o
         0          0          0          0          0          0   iusefp.o
        30          0          0          0          0         68   llshl.o
        36          0          0          0          0         68   llsshr.o
        32          0          0          0          0         68   llushr.o
        36          0          0          0          0        108   memseta.o
      2276         96          0          0          0        596   printfa.o
        28          0          0          0          0         76   strcmp.o
        18          0          0          0          0         68   strcpy.o
        36          0          0          0          0         80   strstr.o
        44          0          0          0          0         80   uidiv.o
        98          0          0          0          0         92   uldiv.o
        48          0          0          0          0         68   cdrcmple.o
       334          0          0          0          0        148   dadd.o
       222          0          0          0          0        100   ddiv.o
       186          0          0          0          0        176   depilogue.o
        48          0          0          0          0         68   dfixul.o
       228          0          0          0          0         96   dmul.o

    ----------------------------------------------------------------------
      3788        112          0          0          0       2028   Library Totals
         2          0          0          0          0          0   (incl. Padding)

    ----------------------------------------------------------------------

      Code (inc. data)   RO Data    RW Data    ZI Data      Debug   Library Name

      2720        112          0          0          0       1372   mc_w.l
      1066          0          0          0          0        656   mf_w.l

    ----------------------------------------------------------------------
      3788        112          0          0          0       2028   Library Totals

    ----------------------------------------------------------------------

==============================================================================


      Code (inc. data)   RO Data    RW Data    ZI Data      Debug   

     23748       3468      27376        148    1220460     380381   Grand Totals
     23748       3468      27376        148    1220460     380381   ELF Image Totals
     23748       3468      27376        148          0          0   ROM Totals

==============================================================================

    Total RO  Size (Code + RO Data)                51124 (  49.93kB)
    Total RW  Size (RW Data + ZI Data)           1220608 (1192.00kB)
    Total ROM Size (Code + RO Data + RW Data)      51272 (  50.07kB)

==============================================================================

